3h3h3h3h3h

ASUSTOR (R) AS-6xxT Platform
Copyright (C) 1999-2011 ASUSTOR Inc. All rights reserved.

Product Name       : AS-6xxT
Processor          : Intel(R) Atom(TM) CPU D2701   @ 2.13GHz
Current Speed      : 2.12 GHz
Total Memory       : 0 MB
Intel BLDK Version : Tiano-GraniteWell (Version 1.13)
 -------------------------
 Miscellaneous Info
 -------------------------
 Memory Ref Code Version      : 1.10
 CDV Ref Code Version         : 1.0.0-3
 P-Unit Firmware Version      : v0020
 P-Unit Location in Flash     : 0xFFFB0000
 P-Unit Location in RAM       : 0xBF6F0000
 No of SATA ports available   : 6
 No of SATA ports enabled     : 6
 -------------------------
[AS] Recovery=0xE0A27F80 (bit 0x2000) USB=0xBD (bit 0x10)
[AS] DevicePath=PciRoot(0x0)/Pci(0x1A,0x7)/USB(0x1,0x0) (0/6) (Order=5 Loop=0)

[AS] Loader name = '\boot\asloader.efi'.

[AS] Loader name = '\boot\asloader.efi'.

[AS] Booting from PciRoot(0x0)/Pci(0x1A,0x7)/USB(0x1,0x0)
Welcome to GRUB!

error: "prefix" is not set.
GNU GRUB  version 1.99

��������������������������������������������������������������������������Ŀ������������������������������������������������������������������������������������������������������
      Use the  and  keys to select which entry is highlighted.
      Press enter to boot the selected OS, 'e' to edit the commands
      before booting or 'c' for a command-line.
       Asustor image                                                             Austor safe image                                                                                                                                                                                                                                                                                                                                                                                                                                                                                                                                                                                                                                                                                                                                                                                                                                                                                                           The highlighted entry will be executed automatically in 2s.                    The highlighted entry will be executed automatically in 1s.                    The highlighted entry will be executed automatically in 0s.                 [AS] matched path! (0)
/ACPI(a0341d0,0)/PCI(7,1d)/USB(0,0)/EndEntire
[AS] matched path! (0)
/ACPI(a0341d0,0)/PCI(7,1d)/USB(0,0)/EndEntire
[AS] matched path! (0)
/ACPI(a0341d0,0)/PCI(7,1d)/USB(0,0)/EndEntire
[AS] matched path! (0)
/ACPI(a0341d0,0)/PCI(7,1d)/USB(0,0)/EndEntire
[AS] matched path! (0)
/ACPI(a0341d0,0)/PCI(7,1d)/USB(0,0)/EndEntire
        Partition as0:0xa0341d000000000:0x71d:0x0,3: [AS] matched path! (0)
/ACPI(a0341d0,0)/PCI(7,1d)/USB(0,0)/EndEntire
Filesystem type ext2 - Last modification time 2018-02-18 12:39:13 Sunday, UUID
d60b4845-fe4f-4184-9e34-41ce268533e1 - Partition start at 354304 - Total size
348160 sectors
[AS] matched path! (0)
/ACPI(a0341d0,0)/PCI(7,1d)/USB(0,0)/EndEntire
[AS] load kernel(0)
[AS] matched path! (0)
/ACPI(a0341d0,0)/PCI(7,1d)/USB(0,0)/EndEntire
[AS] load initrd(0)
error: no suitable mode found.
Booting however
[    0.000000] Initializing cgroup subsys cpuset
[    0.000000] Initializing cgroup subsys cpu
[    0.000000] Initializing cgroup subsys cpuacct
[    0.000000] Linux version 3.12.20 (root@sw1-server) (gcc version 4.6.4 (crosstool-NG crosstool-ng-1.22.0 - x86_64 64-bit toolchain - ASUSTOR Inc.) ) #1 SMP Sun Jan 28 20:59:55 CST 2018
[    0.000000] Command line: BOOT_IMAGE=(as0:0xa0341d000000000:0x71d:0x0,3)/bzImage console=ttyS0,115200n8 bootpart=3 uuid=d60b4845-fe4f-4184-9e34-41ce268533e1 mem=4G snd_hda_instel.bdl_pos_adj=8
[    0.000000] KERNEL supported cpus:
[    0.000000]   Intel GenuineIntel
[    0.000000] Disabled fast string operations
[    0.000000] e820: BIOS-provided physical RAM map:
[    0.000000] BIOS-e820: [mem 0x0000000000000000-0x000000000009efff] usable
[    0.000000] BIOS-e820: [mem 0x000000000009f000-0x000000000009ffff] reserved
[    0.000000] BIOS-e820: [mem 0x0000000000100000-0x00000000be0f0fff] usable
[    0.000000] BIOS-e820: [mem 0x00000000be0f1000-0x00000000be0f2fff] reserved
[    0.000000] BIOS-e820: [mem 0x00000000be0f3000-0x00000000be0fbfff] ACPI NVS
[    0.000000] BIOS-e820: [mem 0x00000000be0fc000-0x00000000be0fcfff] usable
[    0.000000] BIOS-e820: [mem 0x00000000be0fd000-0x00000000be104fff] reserved
[    0.000000] BIOS-e820: [mem 0x00000000be105000-0x00000000bebb3fff] usable
[    0.000000] BIOS-e820: [mem 0x00000000bebb4000-0x00000000bebb5fff] reserved
[    0.000000] BIOS-e820: [mem 0x00000000bebb6000-0x00000000bebf8fff] usable
[    0.000000] BIOS-e820: [mem 0x00000000bebf9000-0x00000000bebfbfff] ACPI NVS
[    0.000000] BIOS-e820: [mem 0x00000000bebfc000-0x00000000bec00fff] usable
[    0.000000] BIOS-e820: [mem 0x00000000bec01000-0x00000000bec04fff] ACPI data
[    0.000000] BIOS-e820: [mem 0x00000000bec05000-0x00000000bec10fff] usable
[    0.000000] BIOS-e820: [mem 0x00000000bec11000-0x00000000bec13fff] ACPI data
[    0.000000] BIOS-e820: [mem 0x00000000bec14000-0x00000000bec14fff] ACPI NVS
[    0.000000] BIOS-e820: [mem 0x00000000bec15000-0x00000000bec15fff] ACPI data
[    0.000000] BIOS-e820: [mem 0x00000000bec16000-0x00000000bec16fff] ACPI NVS
[    0.000000] BIOS-e820: [mem 0x00000000bec17000-0x00000000bec2ffff] usable
[    0.000000] BIOS-e820: [mem 0x00000000bec30000-0x00000000bee2ffff] ACPI NVS
[    0.000000] BIOS-e820: [mem 0x00000000bee30000-0x00000000bf064fff] usable
[    0.000000] BIOS-e820: [mem 0x00000000bf065000-0x00000000bf065fff] ACPI NVS
[    0.000000] BIOS-e820: [mem 0x00000000bf066000-0x00000000bf066fff] usable
[    0.000000] BIOS-e820: [mem 0x00000000bf067000-0x00000000bf06bfff] ACPI NVS
[    0.000000] BIOS-e820: [mem 0x00000000bf06c000-0x00000000bf06cfff] usable
[    0.000000] BIOS-e820: [mem 0x00000000bf06d000-0x00000000bf06efff] ACPI NVS
[    0.000000] BIOS-e820: [mem 0x00000000bf06f000-0x00000000bf077fff] usable
[    0.000000] BIOS-e820: [mem 0x00000000bf078000-0x00000000bf07bfff] ACPI NVS
[    0.000000] BIOS-e820: [mem 0x00000000bf07c000-0x00000000bf080fff] usable
[    0.000000] BIOS-e820: [mem 0x00000000bf081000-0x00000000bf082fff] reserved
[    0.000000] BIOS-e820: [mem 0x00000000bf083000-0x00000000bf086fff] usable
[    0.000000] BIOS-e820: [mem 0x00000000bf087000-0x00000000bf0a2fff] reserved
[    0.000000] BIOS-e820: [mem 0x00000000bf0a3000-0x00000000bf0a3fff] usable
[    0.000000] BIOS-e820: [mem 0x00000000bf0a4000-0x00000000bf0a4fff] reserved
[    0.000000] BIOS-e820: [mem 0x00000000bf0a5000-0x00000000bf0c7fff] usable
[    0.000000] BIOS-e820: [mem 0x00000000bf0c8000-0x00000000bf0c8fff] reserved
[    0.000000] BIOS-e820: [mem 0x00000000bf0c9000-0x00000000bf0d3fff] usable
[    0.000000] BIOS-e820: [mem 0x00000000bf0d4000-0x00000000bf0d7fff] ACPI NVS
[    0.000000] BIOS-e820: [mem 0x00000000bf0d8000-0x00000000bf0d9fff] usable
[    0.000000] BIOS-e820: [mem 0x00000000bf0da000-0x00000000bf0dbfff] reserved
[    0.000000] BIOS-e820: [mem 0x00000000bf0dc000-0x00000000bf100fff] usable
[    0.000000] BIOS-e820: [mem 0x00000000bf101000-0x00000000bf102fff] reserved
[    0.000000] BIOS-e820: [mem 0x00000000bf103000-0x00000000bf108fff] usable
[    0.000000] BIOS-e820: [mem 0x00000000bf109000-0x00000000bf109fff] ACPI data
[    0.000000] BIOS-e820: [mem 0x00000000bf10a000-0x00000000bf10efff] usable
[    0.000000] BIOS-e820: [mem 0x00000000bf10f000-0x00000000bf10ffff] ACPI NVS
[    0.000000] BIOS-e820: [mem 0x00000000bf110000-0x00000000bf115fff] usable
[    0.000000] BIOS-e820: [mem 0x00000000bf116000-0x00000000bf117fff] reserved
[    0.000000] BIOS-e820: [mem 0x00000000bf118000-0x00000000bf121fff] usable
[    0.000000] BIOS-e820: [mem 0x00000000bf122000-0x00000000bf122fff] reserved
[    0.000000] BIOS-e820: [mem 0x00000000bf123000-0x00000000bf129fff] usable
[    0.000000] BIOS-e820: [mem 0x00000000bf12a000-0x00000000bf12afff] reserved
[    0.000000] BIOS-e820: [mem 0x00000000bf12b000-0x00000000bf12dfff] usable
[    0.000000] BIOS-e820: [mem 0x00000000bf12e000-0x00000000bf12efff] ACPI NVS
[    0.000000] BIOS-e820: [mem 0x00000000bf12f000-0x00000000bf130fff] usable
[    0.000000] BIOS-e820: [mem 0x00000000bf131000-0x00000000bf168fff] ACPI NVS
[    0.000000] BIOS-e820: [mem 0x00000000bf169000-0x00000000bf17bfff] usable
[    0.000000] BIOS-e820: [mem 0x00000000bf17c000-0x00000000bf181fff] ACPI NVS
[    0.000000] BIOS-e820: [mem 0x00000000bf182000-0x00000000bf182fff] usable
[    0.000000] BIOS-e820: [mem 0x00000000bf183000-0x00000000bf186fff] ACPI NVS
[    0.000000] BIOS-e820: [mem 0x00000000bf187000-0x00000000bf18dfff] usable
[    0.000000] BIOS-e820: [mem 0x00000000bf18e000-0x00000000bf18efff] reserved
[    0.000000] BIOS-e820: [mem 0x00000000bf18f000-0x00000000bf5d5fff] usable
[    0.000000] BIOS-e820: [mem 0x00000000bf5d6000-0x00000000bf5d8fff] reserved
[    0.000000] BIOS-e820: [mem 0x00000000bf5d9000-0x00000000bf5d9fff] usable
[    0.000000] BIOS-e820: [mem 0x00000000bf5da000-0x00000000bf5dafff] reserved
[    0.000000] BIOS-e820: [mem 0x00000000bf5db000-0x00000000bf6d4fff] usable
[    0.000000] BIOS-e820: [mem 0x00000000bf6d5000-0x00000000bf6d5fff] reserved
[    0.000000] BIOS-e820: [mem 0x00000000bf6d6000-0x00000000bf6edfff] usable
[    0.000000] BIOS-e820: [mem 0x00000000bf6ee000-0x00000000bf6eefff] reserved
[    0.000000] BIOS-e820: [mem 0x00000000bf6ef000-0x00000000bf6effff] usable
[    0.000000] BIOS-e820: [mem 0x00000000fed1c000-0x00000000fed1ffff] reserved
[    0.000000] BIOS-e820: [mem 0x00000000fff90000-0x00000000fff99fff] reserved
[    0.000000] NX (Execute Disable) protection: active
[    0.000000] e820: user-defined physical RAM map:
[    0.000000] user: [mem 0x0000000000000000-0x000000000009efff] usable
[    0.000000] user: [mem 0x000000000009f000-0x000000000009ffff] reserved
[    0.000000] user: [mem 0x0000000000100000-0x00000000be0f0fff] usable
[    0.000000] user: [mem 0x00000000be0f1000-0x00000000be0f2fff] reserved
[    0.000000] user: [mem 0x00000000be0f3000-0x00000000be0fbfff] ACPI NVS
[    0.000000] user: [mem 0x00000000be0fc000-0x00000000be0fcfff] usable
[    0.000000] user: [mem 0x00000000be0fd000-0x00000000be104fff] reserved
[    0.000000] user: [mem 0x00000000be105000-0x00000000bebb3fff] usable
[    0.000000] user: [mem 0x00000000bebb4000-0x00000000bebb5fff] reserved
[    0.000000] user: [mem 0x00000000bebb6000-0x00000000bebf8fff] usable
[    0.000000] user: [mem 0x00000000bebf9000-0x00000000bebfbfff] ACPI NVS
[    0.000000] user: [mem 0x00000000bebfc000-0x00000000bec00fff] usable
[    0.000000] user: [mem 0x00000000bec01000-0x00000000bec04fff] ACPI data
[    0.000000] user: [mem 0x00000000bec05000-0x00000000bec10fff] usable
[    0.000000] user: [mem 0x00000000bec11000-0x00000000bec13fff] ACPI data
[    0.000000] user: [mem 0x00000000bec14000-0x00000000bec14fff] ACPI NVS
[    0.000000] user: [mem 0x00000000bec15000-0x00000000bec15fff] ACPI data
[    0.000000] user: [mem 0x00000000bec16000-0x00000000bec16fff] ACPI NVS
[    0.000000] user: [mem 0x00000000bec17000-0x00000000bec2ffff] usable
[    0.000000] user: [mem 0x00000000bec30000-0x00000000bee2ffff] ACPI NVS
[    0.000000] user: [mem 0x00000000bee30000-0x00000000bf064fff] usable
[    0.000000] user: [mem 0x00000000bf065000-0x00000000bf065fff] ACPI NVS
[    0.000000] user: [mem 0x00000000bf066000-0x00000000bf066fff] usable
[    0.000000] user: [mem 0x00000000bf067000-0x00000000bf06bfff] ACPI NVS
[    0.000000] user: [mem 0x00000000bf06c000-0x00000000bf06cfff] usable
[    0.000000] user: [mem 0x00000000bf06d000-0x00000000bf06efff] ACPI NVS
[    0.000000] user: [mem 0x00000000bf06f000-0x00000000bf077fff] usable
[    0.000000] user: [mem 0x00000000bf078000-0x00000000bf07bfff] ACPI NVS
[    0.000000] user: [mem 0x00000000bf07c000-0x00000000bf080fff] usable
[    0.000000] user: [mem 0x00000000bf081000-0x00000000bf082fff] reserved
[    0.000000] user: [mem 0x00000000bf083000-0x00000000bf086fff] usable
[    0.000000] user: [mem 0x00000000bf087000-0x00000000bf0a2fff] reserved
[    0.000000] user: [mem 0x00000000bf0a3000-0x00000000bf0a3fff] usable
[    0.000000] user: [mem 0x00000000bf0a4000-0x00000000bf0a4fff] reserved
[    0.000000] user: [mem 0x00000000bf0a5000-0x00000000bf0c7fff] usable
[    0.000000] user: [mem 0x00000000bf0c8000-0x00000000bf0c8fff] reserved
[    0.000000] user: [mem 0x00000000bf0c9000-0x00000000bf0d3fff] usable
[    0.000000] user: [mem 0x00000000bf0d4000-0x00000000bf0d7fff] ACPI NVS
[    0.000000] user: [mem 0x00000000bf0d8000-0x00000000bf0d9fff] usable
[    0.000000] user: [mem 0x00000000bf0da000-0x00000000bf0dbfff] reserved
[    0.000000] user: [mem 0x00000000bf0dc000-0x00000000bf100fff] usable
[    0.000000] user: [mem 0x00000000bf101000-0x00000000bf102fff] reserved
[    0.000000] user: [mem 0x00000000bf103000-0x00000000bf108fff] usable
[    0.000000] user: [mem 0x00000000bf109000-0x00000000bf109fff] ACPI data
[    0.000000] user: [mem 0x00000000bf10a000-0x00000000bf10efff] usable
[    0.000000] user: [mem 0x00000000bf10f000-0x00000000bf10ffff] ACPI NVS
[    0.000000] user: [mem 0x00000000bf110000-0x00000000bf115fff] usable
[    0.000000] user: [mem 0x00000000bf116000-0x00000000bf117fff] reserved
[    0.000000] user: [mem 0x00000000bf118000-0x00000000bf121fff] usable
[    0.000000] user: [mem 0x00000000bf122000-0x00000000bf122fff] reserved
[    0.000000] user: [mem 0x00000000bf123000-0x00000000bf129fff] usable
[    0.000000] user: [mem 0x00000000bf12a000-0x00000000bf12afff] reserved
[    0.000000] user: [mem 0x00000000bf12b000-0x00000000bf12dfff] usable
[    0.000000] user: [mem 0x00000000bf12e000-0x00000000bf12efff] ACPI NVS
[    0.000000] user: [mem 0x00000000bf12f000-0x00000000bf130fff] usable
[    0.000000] user: [mem 0x00000000bf131000-0x00000000bf168fff] ACPI NVS
[    0.000000] user: [mem 0x00000000bf169000-0x00000000bf17bfff] usable
[    0.000000] user: [mem 0x00000000bf17c000-0x00000000bf181fff] ACPI NVS
[    0.000000] user: [mem 0x00000000bf182000-0x00000000bf182fff] usable
[    0.000000] user: [mem 0x00000000bf183000-0x00000000bf186fff] ACPI NVS
[    0.000000] user: [mem 0x00000000bf187000-0x00000000bf18dfff] usable
[    0.000000] user: [mem 0x00000000bf18e000-0x00000000bf18efff] reserved
[    0.000000] user: [mem 0x00000000bf18f000-0x00000000bf5d5fff] usable
[    0.000000] user: [mem 0x00000000bf5d6000-0x00000000bf5d8fff] reserved
[    0.000000] user: [mem 0x00000000bf5d9000-0x00000000bf5d9fff] usable
[    0.000000] user: [mem 0x00000000bf5da000-0x00000000bf5dafff] reserved
[    0.000000] user: [mem 0x00000000bf5db000-0x00000000bf6d4fff] usable
[    0.000000] user: [mem 0x00000000bf6d5000-0x00000000bf6d5fff] reserved
[    0.000000] user: [mem 0x00000000bf6d6000-0x00000000bf6edfff] usable
[    0.000000] user: [mem 0x00000000bf6ee000-0x00000000bf6eefff] reserved
[    0.000000] user: [mem 0x00000000bf6ef000-0x00000000bf6effff] usable
[    0.000000] user: [mem 0x00000000fed1c000-0x00000000fed1ffff] reserved
[    0.000000] user: [mem 0x00000000fff90000-0x00000000fff99fff] reserved
[    0.000000] efi: EFI v2.30 by E
[    0.000000] efi:  ACPI=0xbf109000  ACPI 2.0=0xbf109014  SMBIOS=0xbe0f2000
[    0.000000] efi: mem00: type=7, attr=0xf, range=[0x0000000000000000-0x000000000007f000) (0MB)
[    0.000000] efi: mem01: type=3, attr=0xf, range=[0x000000000007f000-0x0000000000080000) (0MB)
[    0.000000] efi: mem02: type=7, attr=0xf, range=[0x0000000000080000-0x000000000009f000) (0MB)
[    0.000000] efi: mem03: type=0, attr=0xf, range=[0x000000000009f000-0x00000000000a0000) (0MB)
[    0.000000] efi: mem04: type=2, attr=0xf, range=[0x0000000000100000-0x000000000040d000) (3MB)
[    0.000000] efi: mem05: type=7, attr=0xf, range=[0x000000000040d000-0x00000000366ce000) (866MB)
[    0.000000] efi: mem06: type=2, attr=0xf, range=[0x00000000366ce000-0x000000003735f000) (12MB)
[    0.000000] efi: mem07: type=7, attr=0xf, range=[0x000000003735f000-0x000000008cf25000) (1371MB)
[    0.000000] efi: mem08: type=2, attr=0xf, range=[0x000000008cf25000-0x00000000bc6f0000) (759MB)
[    0.000000] efi: mem09: type=4, attr=0xf, range=[0x00000000bc6f0000-0x00000000bc710000) (0MB)
[    0.000000] efi: mem10: type=7, attr=0xf, range=[0x00000000bc710000-0x00000000bdfc5000) (24MB)
[    0.000000] efi: mem11: type=1, attr=0xf, range=[0x00000000bdfc5000-0x00000000be053000) (0MB)
[    0.000000] efi: mem12: type=7, attr=0xf, range=[0x00000000be053000-0x00000000be0d8000) (0MB)
[    0.000000] efi: mem13: type=4, attr=0xf, range=[0x00000000be0d8000-0x00000000be0d9000) (0MB)
[    0.000000] efi: mem14: type=2, attr=0xf, range=[0x00000000be0d9000-0x00000000be0e0000) (0MB)
[    0.000000] efi: mem15: type=4, attr=0xf, range=[0x00000000be0e0000-0x00000000be0f1000) (0MB)
[    0.000000] efi: mem16: type=0, attr=0xf, range=[0x00000000be0f1000-0x00000000be0f3000) (0MB)
[    0.000000] efi: mem17: type=10, attr=0xf, range=[0x00000000be0f3000-0x00000000be0fc000) (0MB)
[    0.000000] efi: mem18: type=4, attr=0xf, range=[0x00000000be0fc000-0x00000000be0fd000) (0MB)
[    0.000000] efi: mem19: type=0, attr=0xf, range=[0x00000000be0fd000-0x00000000be105000) (0MB)
[    0.000000] efi: mem20: type=4, attr=0xf, range=[0x00000000be105000-0x00000000bebb4000) (10MB)
[    0.000000] efi: mem21: type=5, attr=0x800000000000000f, range=[0x00000000bebb4000-0x00000000bebb6000) (0MB)
[    0.000000] efi: mem22: type=4, attr=0xf, range=[0x00000000bebb6000-0x00000000bebf9000) (0MB)
[    0.000000] efi: mem23: type=10, attr=0xf, range=[0x00000000bebf9000-0x00000000bebfc000) (0MB)
[    0.000000] efi: mem24: type=3, attr=0xf, range=[0x00000000bebfc000-0x00000000bec01000) (0MB)
[    0.000000] efi: mem25: type=9, attr=0xf, range=[0x00000000bec01000-0x00000000bec05000) (0MB)
[    0.000000] efi: mem26: type=4, attr=0xf, range=[0x00000000bec05000-0x00000000bec11000) (0MB)
[    0.000000] efi: mem27: type=9, attr=0xf, range=[0x00000000bec11000-0x00000000bec14000) (0MB)
[    0.000000] efi: mem28: type=10, attr=0xf, range=[0x00000000bec14000-0x00000000bec15000) (0MB)
[    0.000000] efi: mem29: type=9, attr=0xf, range=[0x00000000bec15000-0x00000000bec16000) (0MB)
[    0.000000] efi: mem30: type=10, attr=0xf, range=[0x00000000bec16000-0x00000000bec17000) (0MB)
[    0.000000] efi: mem31: type=3, attr=0xf, range=[0x00000000bec17000-0x00000000bec26000) (0MB)
[    0.000000] efi: mem32: type=4, attr=0xf, range=[0x00000000bec26000-0x00000000bec29000) (0MB)
[    0.000000] efi: mem33: type=3, attr=0xf, range=[0x00000000bec29000-0x00000000bec2a000) (0MB)
[    0.000000] efi: mem34: type=4, attr=0xf, range=[0x00000000bec2a000-0x00000000bec2b000) (0MB)
[    0.000000] efi: mem35: type=3, attr=0xf, range=[0x00000000bec2b000-0x00000000bec30000) (0MB)
[    0.000000] efi: mem36: type=10, attr=0xf, range=[0x00000000bec30000-0x00000000bee30000) (2MB)
[    0.000000] efi: mem37: type=4, attr=0xf, range=[0x00000000bee30000-0x00000000bf007000) (1MB)
[    0.000000] efi: mem38: type=3, attr=0xf, range=[0x00000000bf007000-0x00000000bf00e000) (0MB)
[    0.000000] efi: mem39: type=4, attr=0xf, range=[0x00000000bf00e000-0x00000000bf00f000) (0MB)
[    0.000000] efi: mem40: type=3, attr=0xf, range=[0x00000000bf00f000-0x00000000bf016000) (0MB)
[    0.000000] efi: mem41: type=4, attr=0xf, range=[0x00000000bf016000-0x00000000bf017000) (0MB)
[    0.000000] efi: mem42: type=3, attr=0xf, range=[0x00000000bf017000-0x00000000bf028000) (0MB)
[    0.000000] efi: mem43: type=4, attr=0xf, range=[0x00000000bf028000-0x00000000bf02b000) (0MB)
[    0.000000] efi: mem44: type=3, attr=0xf, range=[0x00000000bf02b000-0x00000000bf03e000) (0MB)
[    0.000000] efi: mem45: type=4, attr=0xf, range=[0x00000000bf03e000-0x00000000bf03f000) (0MB)
[    0.000000] efi: mem46: type=3, attr=0xf, range=[0x00000000bf03f000-0x00000000bf045000) (0MB)
[    0.000000] efi: mem47: type=4, attr=0xf, range=[0x00000000bf045000-0x00000000bf046000) (0MB)
[    0.000000] efi: mem48: type=3, attr=0xf, range=[0x00000000bf046000-0x00000000bf05b000) (0MB)
[    0.000000] efi: mem49: type=4, attr=0xf, range=[0x00000000bf05b000-0x00000000bf05c000) (0MB)
[    0.000000] efi: mem50: type=3, attr=0xf, range=[0x00000000bf05c000-0x00000000bf065000) (0MB)
[    0.000000] efi: mem51: type=10, attr=0xf, range=[0x00000000bf065000-0x00000000bf066000) (0MB)
[    0.000000] efi: mem52: type=4, attr=0xf, range=[0x00000000bf066000-0x00000000bf067000) (0MB)
[    0.000000] efi: mem53: type=10, attr=0xf, range=[0x00000000bf067000-0x00000000bf06c000) (0MB)
[    0.000000] efi: mem54: type=4, attr=0xf, range=[0x00000000bf06c000-0x00000000bf06d000) (0MB)
[    0.000000] efi: mem55: type=10, attr=0xf, range=[0x00000000bf06d000-0x00000000bf06f000) (0MB)
[    0.000000] efi: mem56: type=4, attr=0xf, range=[0x00000000bf06f000-0x00000000bf071000) (0MB)
[    0.000000] efi: mem57: type=3, attr=0xf, range=[0x00000000bf071000-0x00000000bf073000) (0MB)
[    0.000000] efi: mem58: type=4, attr=0xf, range=[0x00000000bf073000-0x00000000bf078000) (0MB)
[    0.000000] efi: mem59: type=10, attr=0xf, range=[0x00000000bf078000-0x00000000bf07c000) (0MB)
[    0.000000] efi: mem60: type=4, attr=0xf, range=[0x00000000bf07c000-0x00000000bf07d000) (0MB)
[    0.000000] efi: mem61: type=3, attr=0xf, range=[0x00000000bf07d000-0x00000000bf081000) (0MB)
[    0.000000] efi: mem62: type=5, attr=0x800000000000000f, range=[0x00000000bf081000-0x00000000bf083000) (0MB)
[    0.000000] efi: mem63: type=4, attr=0xf, range=[0x00000000bf083000-0x00000000bf085000) (0MB)
[    0.000000] efi: mem64: type=3, attr=0xf, range=[0x00000000bf085000-0x00000000bf087000) (0MB)
[    0.000000] efi: mem65: type=6, attr=0x800000000000000f, range=[0x00000000bf087000-0x00000000bf09a000) (0MB)
[    0.000000] efi: mem66: type=5, attr=0x800000000000000f, range=[0x00000000bf09a000-0x00000000bf09e000) (0MB)
[    0.000000] efi: mem67: type=6, attr=0x800000000000000f, range=[0x00000000bf09e000-0x00000000bf09f000) (0MB)
[    0.000000] efi: mem68: type=5, attr=0x800000000000000f, range=[0x00000000bf09f000-0x00000000bf0a3000) (0MB)
[    0.000000] efi: mem69: type=4, attr=0xf, range=[0x00000000bf0a3000-0x00000000bf0a4000) (0MB)
[    0.000000] efi: mem70: type=6, attr=0x800000000000000f, range=[0x00000000bf0a4000-0x00000000bf0a5000) (0MB)
[    0.000000] efi: mem71: type=4, attr=0xf, range=[0x00000000bf0a5000-0x00000000bf0a6000) (0MB)
[    0.000000] efi: mem72: type=3, attr=0xf, range=[0x00000000bf0a6000-0x00000000bf0a7000) (0MB)
[    0.000000] efi: mem73: type=4, attr=0xf, range=[0x00000000bf0a7000-0x00000000bf0a9000) (0MB)
[    0.000000] efi: mem74: type=3, attr=0xf, range=[0x00000000bf0a9000-0x00000000bf0bc000) (0MB)
[    0.000000] efi: mem75: type=4, attr=0xf, range=[0x00000000bf0bc000-0x00000000bf0c1000) (0MB)
[    0.000000] efi: mem76: type=3, attr=0xf, range=[0x00000000bf0c1000-0x00000000bf0c8000) (0MB)
[    0.000000] efi: mem77: type=5, attr=0x800000000000000f, range=[0x00000000bf0c8000-0x00000000bf0c9000) (0MB)
[    0.000000] efi: mem78: type=4, attr=0xf, range=[0x00000000bf0c9000-0x00000000bf0ca000) (0MB)
[    0.000000] efi: mem79: type=3, attr=0xf, range=[0x00000000bf0ca000-0x00000000bf0d1000) (0MB)
[    0.000000] efi: mem80: type=4, attr=0xf, range=[0x00000000bf0d1000-0x00000000bf0d2000) (0MB)
[    0.000000] efi: mem81: type=3, attr=0xf, range=[0x00000000bf0d2000-0x00000000bf0d4000) (0MB)
[    0.000000] efi: mem82: type=10, attr=0xf, range=[0x00000000bf0d4000-0x00000000bf0d8000) (0MB)
[    0.000000] efi: mem83: type=4, attr=0xf, range=[0x00000000bf0d8000-0x00000000bf0da000) (0MB)
[    0.000000] efi: mem84: type=5, attr=0x800000000000000f, range=[0x00000000bf0da000-0x00000000bf0dc000) (0MB)
[    0.000000] efi: mem85: type=3, attr=0xf, range=[0x00000000bf0dc000-0x00000000bf100000) (0MB)
[    0.000000] efi: mem86: type=4, attr=0xf, range=[0x00000000bf100000-0x00000000bf101000) (0MB)
[    0.000000] efi: mem87: type=5, attr=0x800000000000000f, range=[0x00000000bf101000-0x00000000bf103000) (0MB)
[    0.000000] efi: mem88: type=3, attr=0xf, range=[0x00000000bf103000-0x00000000bf104000) (0MB)
[    0.000000] efi: mem89: type=4, attr=0xf, range=[0x00000000bf104000-0x00000000bf105000) (0MB)
[    0.000000] efi: mem90: type=3, attr=0xf, range=[0x00000000bf105000-0x00000000bf109000) (0MB)
[    0.000000] efi: mem91: type=9, attr=0xf, range=[0x00000000bf109000-0x00000000bf10a000) (0MB)
[    0.000000] efi: mem92: type=4, attr=0xf, range=[0x00000000bf10a000-0x00000000bf10c000) (0MB)
[    0.000000] efi: mem93: type=3, attr=0xf, range=[0x00000000bf10c000-0x00000000bf10e000) (0MB)
[    0.000000] efi: mem94: type=4, attr=0xf, range=[0x00000000bf10e000-0x00000000bf10f000) (0MB)
[    0.000000] efi: mem95: type=10, attr=0xf, range=[0x00000000bf10f000-0x00000000bf110000) (0MB)
[    0.000000] efi: mem96: type=3, attr=0xf, range=[0x00000000bf110000-0x00000000bf113000) (0MB)
[    0.000000] efi: mem97: type=4, attr=0xf, range=[0x00000000bf113000-0x00000000bf114000) (0MB)
[    0.000000] efi: mem98: type=3, attr=0xf, range=[0x00000000bf114000-0x00000000bf116000) (0MB)
[    0.000000] efi: mem99: type=5, attr=0x800000000000000f, range=[0x00000000bf116000-0x00000000bf118000) (0MB)
[    0.000000] efi: mem100: type=3, attr=0xf, range=[0x00000000bf118000-0x00000000bf119000) (0MB)
[    0.000000] efi: mem101: type=4, attr=0xf, range=[0x00000000bf119000-0x00000000bf11a000) (0MB)
[    0.000000] efi: mem102: type=3, attr=0xf, range=[0x00000000bf11a000-0x00000000bf122000) (0MB)
[    0.000000] efi: mem103: type=5, attr=0x800000000000000f, range=[0x00000000bf122000-0x00000000bf123000) (0MB)
[    0.000000] efi: mem104: type=4, attr=0xf, range=[0x00000000bf123000-0x00000000bf127000) (0MB)
[    0.000000] efi: mem105: type=3, attr=0xf, range=[0x00000000bf127000-0x00000000bf12a000) (0MB)
[    0.000000] efi: mem106: type=5, attr=0x800000000000000f, range=[0x00000000bf12a000-0x00000000bf12b000) (0MB)
[    0.000000] efi: mem107: type=4, attr=0xf, range=[0x00000000bf12b000-0x00000000bf12d000) (0MB)
[    0.000000] efi: mem108: type=3, attr=0xf, range=[0x00000000bf12d000-0x00000000bf12e000) (0MB)
[    0.000000] efi: mem109: type=10, attr=0xf, range=[0x00000000bf12e000-0x00000000bf12f000) (0MB)
[    0.000000] efi: mem110: type=4, attr=0xf, range=[0x00000000bf12f000-0x00000000bf131000) (0MB)
[    0.000000] efi: mem111: type=10, attr=0xf, range=[0x00000000bf131000-0x00000000bf169000) (0MB)
[    0.000000] efi: mem112: type=4, attr=0xf, range=[0x00000000bf169000-0x00000000bf17c000) (0MB)
[    0.000000] efi: mem113: type=10, attr=0xf, range=[0x00000000bf17c000-0x00000000bf182000) (0MB)
[    0.000000] efi: mem114: type=4, attr=0xf, range=[0x00000000bf182000-0x00000000bf183000) (0MB)
[    0.000000] efi: mem115: type=10, attr=0xf, range=[0x00000000bf183000-0x00000000bf187000) (0MB)
[    0.000000] efi: mem116: type=3, attr=0xf, range=[0x00000000bf187000-0x00000000bf18e000) (0MB)
[    0.000000] efi: mem117: type=6, attr=0x800000000000000f, range=[0x00000000bf18e000-0x00000000bf18f000) (0MB)
[    0.000000] efi: mem118: type=4, attr=0xf, range=[0x00000000bf18f000-0x00000000bf5d4000) (4MB)
[    0.000000] efi: mem119: type=3, attr=0xf, range=[0x00000000bf5d4000-0x00000000bf5d5000) (0MB)
[    0.000000] efi: mem120: type=4, attr=0xf, range=[0x00000000bf5d5000-0x00000000bf5d6000) (0MB)
[    0.000000] efi: mem121: type=5, attr=0x800000000000000f, range=[0x00000000bf5d6000-0x00000000bf5d8000) (0MB)
[    0.000000] efi: mem122: type=6, attr=0x800000000000000f, range=[0x00000000bf5d8000-0x00000000bf5d9000) (0MB)
[    0.000000] efi: mem123: type=3, attr=0xf, range=[0x00000000bf5d9000-0x00000000bf5da000) (0MB)
[    0.000000] efi: mem124: type=5, attr=0x800000000000000f, range=[0x00000000bf5da000-0x00000000bf5db000) (0MB)
[    0.000000] efi: mem125: type=4, attr=0xf, range=[0x00000000bf5db000-0x00000000bf5f6000) (0MB)
[    0.000000] efi: mem126: type=3, attr=0xf, range=[0x00000000bf5f6000-0x00000000bf5fa000) (0MB)
[    0.000000] efi: mem127: type=4, attr=0xf, range=[0x00000000bf5fa000-0x00000000bf6d5000) (0MB)
[    0.000000] efi: mem128: type=6, attr=0x800000000000000f, range=[0x00000000bf6d5000-0x00000000bf6d6000) (0MB)
[    0.000000] efi: mem129: type=4, attr=0xf, range=[0x00000000bf6d6000-0x00000000bf6ee000) (0MB)
[    0.000000] efi: mem130: type=6, attr=0x800000000000000f, range=[0x00000000bf6ee000-0x00000000bf6ef000) (0MB)
[    0.000000] efi: mem131: type=4, attr=0xf, range=[0x00000000bf6ef000-0x00000000bf6f0000) (0MB)
[    0.000000] efi: mem132: type=11, attr=0x8000000000000000, range=[0x00000000fed1c000-0x00000000fed20000) (0MB)
[    0.000000] efi: mem133: type=11, attr=0x8000000000000000, range=[0x00000000fff90000-0x00000000fff9a000) (0MB)
[    0.000000] SMBIOS 2.6 present.
[    0.000000] e820: last_pfn = 0xbf6f0 max_arch_pfn = 0x400000000
[    0.000000] x86 PAT enabled: cpu 0, old 0x7040600070406, new 0x7010600070106
[    0.000000] Scanning 1 areas for low memory corruption
[    0.000000] init_memory_mapping: [mem 0x00000000-0x000fffff]
[    0.000000] init_memory_mapping: [mem 0xbde00000-0xbdffffff]
[    0.000000] init_memory_mapping: [mem 0xbc000000-0xbddfffff]
[    0.000000] init_memory_mapping: [mem 0x80000000-0xbbffffff]
[    0.000000] init_memory_mapping: [mem 0x00100000-0x7fffffff]
[    0.000000] init_memory_mapping: [mem 0xbe000000-0xbe0f0fff]
[    0.000000] init_memory_mapping: [mem 0xbe0fc000-0xbe0fcfff]
[    0.000000] init_memory_mapping: [mem 0xbe105000-0xbebb3fff]
[    0.000000] init_memory_mapping: [mem 0xbebb6000-0xbebf8fff]
[    0.000000] init_memory_mapping: [mem 0xbebfc000-0xbec00fff]
[    0.000000] init_memory_mapping: [mem 0xbec05000-0xbec10fff]
[    0.000000] init_memory_mapping: [mem 0xbec17000-0xbec2ffff]
[    0.000000] init_memory_mapping: [mem 0xbee30000-0xbf064fff]
[    0.000000] init_memory_mapping: [mem 0xbf066000-0xbf066fff]
[    0.000000] init_memory_mapping: [mem 0xbf06c000-0xbf06cfff]
[    0.000000] init_memory_mapping: [mem 0xbf06f000-0xbf077fff]
[    0.000000] init_memory_mapping: [mem 0xbf07c000-0xbf080fff]
[    0.000000] init_memory_mapping: [mem 0xbf083000-0xbf086fff]
[    0.000000] init_memory_mapping: [mem 0xbf0a3000-0xbf0a3fff]
[    0.000000] init_memory_mapping: [mem 0xbf0a5000-0xbf0c7fff]
[    0.000000] init_memory_mapping: [mem 0xbf0c9000-0xbf0d3fff]
[    0.000000] init_memory_mapping: [mem 0xbf0d8000-0xbf0d9fff]
[    0.000000] init_memory_mapping: [mem 0xbf0dc000-0xbf100fff]
[    0.000000] init_memory_mapping: [mem 0xbf103000-0xbf108fff]
[    0.000000] init_memory_mapping: [mem 0xbf10a000-0xbf10efff]
[    0.000000] init_memory_mapping: [mem 0xbf110000-0xbf115fff]
[    0.000000] init_memory_mapping: [mem 0xbf118000-0xbf121fff]
[    0.000000] init_memory_mapping: [mem 0xbf123000-0xbf129fff]
[    0.000000] init_memory_mapping: [mem 0xbf12b000-0xbf12dfff]
[    0.000000] init_memory_mapping: [mem 0xbf12f000-0xbf130fff]
[    0.000000] init_memory_mapping: [mem 0xbf169000-0xbf17bfff]
[    0.000000] init_memory_mapping: [mem 0xbf182000-0xbf182fff]
[    0.000000] init_memory_mapping: [mem 0xbf187000-0xbf18dfff]
[    0.000000] init_memory_mapping: [mem 0xbf18f000-0xbf5d5fff]
[    0.000000] init_memory_mapping: [mem 0xbf5d9000-0xbf5d9fff]
[    0.000000] init_memory_mapping: [mem 0xbf5db000-0xbf6d4fff]
[    0.000000] init_memory_mapping: [mem 0xbf6d6000-0xbf6edfff]
[    0.000000] init_memory_mapping: [mem 0xbf6ef000-0xbf6effff]
[    0.000000] RAMDISK: [mem 0x366ce000-0x3735efff]
[    0.000000] ACPI: RSDP 00000000bf109014 00024 (v02 INTEL )
[    0.000000] ACPI: XSDT 00000000bf109120 00044 (v01 INTEL  TIANO    00000003      01000013)
[    0.000000] ACPI: FACP 00000000bec13000 000F4 (v03 INTEL  TIANO    00000003 INTL 0100000D)
[    0.000000] ACPI BIOS Warning (bug): Invalid length for FADT/Pm1aControlBlock: 32, using default 16 (20130725/tbfadt-653)
[    0.000000] ACPI: DSDT 00000000bec01000 03C2F (v01 INTEL  GraniteW 00000003 INTL 20070508)
[    0.000000] ACPI: FACS 00000000bec14000 00040
[    0.000000] ACPI: APIC 00000000bec15000 00078 (v01 INTEL  TIANO    00000001 MSFT 00000000)
[    0.000000] ACPI: HPET 00000000bec12000 00038 (v01                 00000001      00000000)
[    0.000000] ACPI: MCFG 00000000bec11000 0003C (v01                 00000001      00000000)
[    0.000000] No NUMA configuration found
[    0.000000] Faking a node at [mem 0x0000000000000000-0x00000000bf6effff]
[    0.000000] Initmem setup node 0 [mem 0x00000000-0xbf6effff]
[    0.000000]   NODE_DATA [mem 0xbe0d4000-0xbe0d7fff]
[    0.000000] Zone ranges:
[    0.000000]   DMA      [mem 0x00001000-0x00ffffff]
[    0.000000]   DMA32    [mem 0x01000000-0xffffffff]
[    0.000000]   Normal   empty
[    0.000000] Movable zone start for each node
[    0.000000] Early memory node ranges
[    0.000000]   node   0: [mem 0x00001000-0x0009efff]
[    0.000000]   node   0: [mem 0x00100000-0xbe0f0fff]
[    0.000000]   node   0: [mem 0xbe0fc000-0xbe0fcfff]
[    0.000000]   node   0: [mem 0xbe105000-0xbebb3fff]
[    0.000000]   node   0: [mem 0xbebb6000-0xbebf8fff]
[    0.000000]   node   0: [mem 0xbebfc000-0xbec00fff]
[    0.000000]   node   0: [mem 0xbec05000-0xbec10fff]
[    0.000000]   node   0: [mem 0xbec17000-0xbec2ffff]
[    0.000000]   node   0: [mem 0xbee30000-0xbf064fff]
[    0.000000]   node   0: [mem 0xbf066000-0xbf066fff]
[    0.000000]   node   0: [mem 0xbf06c000-0xbf06cfff]
[    0.000000]   node   0: [mem 0xbf06f000-0xbf077fff]
[    0.000000]   node   0: [mem 0xbf07c000-0xbf080fff]
[    0.000000]   node   0: [mem 0xbf083000-0xbf086fff]
[    0.000000]   node   0: [mem 0xbf0a3000-0xbf0a3fff]
[    0.000000]   node   0: [mem 0xbf0a5000-0xbf0c7fff]
[    0.000000]   node   0: [mem 0xbf0c9000-0xbf0d3fff]
[    0.000000]   node   0: [mem 0xbf0d8000-0xbf0d9fff]
[    0.000000]   node   0: [mem 0xbf0dc000-0xbf100fff]
[    0.000000]   node   0: [mem 0xbf103000-0xbf108fff]
[    0.000000]   node   0: [mem 0xbf10a000-0xbf10efff]
[    0.000000]   node   0: [mem 0xbf110000-0xbf115fff]
[    0.000000]   node   0: [mem 0xbf118000-0xbf121fff]
[    0.000000]   node   0: [mem 0xbf123000-0xbf129fff]
[    0.000000]   node   0: [mem 0xbf12b000-0xbf12dfff]
[    0.000000]   node   0: [mem 0xbf12f000-0xbf130fff]
[    0.000000]   node   0: [mem 0xbf169000-0xbf17bfff]
[    0.000000]   node   0: [mem 0xbf182000-0xbf182fff]
[    0.000000]   node   0: [mem 0xbf187000-0xbf18dfff]
[    0.000000]   node   0: [mem 0xbf18f000-0xbf5d5fff]
[    0.000000]   node   0: [mem 0xbf5d9000-0xbf5d9fff]
[    0.000000]   node   0: [mem 0xbf5db000-0xbf6d4fff]
[    0.000000]   node   0: [mem 0xbf6d6000-0xbf6edfff]
[    0.000000]   node   0: [mem 0xbf6ef000-0xbf6effff]
[    0.000000] ACPI: PM-Timer IO Port: 0x408
[    0.000000] ACPI: LAPIC (acpi_id[0x01] lapic_id[0x00] enabled)
[    0.000000] ACPI: LAPIC (acpi_id[0x02] lapic_id[0x01] enabled)
[    0.000000] ACPI: LAPIC (acpi_id[0x03] lapic_id[0x02] enabled)
[    0.000000] ACPI: LAPIC (acpi_id[0x04] lapic_id[0x03] enabled)
[    0.000000] ACPI: LAPIC_NMI (acpi_id[0x01] high edge lint[0x1])
[    0.000000] ACPI: LAPIC_NMI (acpi_id[0x02] high edge lint[0x1])
[    0.000000] ACPI: IOAPIC (id[0x02] address[0xfec00000] gsi_base[0])
[    0.000000] IOAPIC[0]: apic_id 2, version 32, address 0xfec00000, GSI 0-23
[    0.000000] ACPI: INT_SRC_OVR (bus 0 bus_irq 0 global_irq 2 dfl dfl)
[    0.000000] ACPI: INT_SRC_OVR (bus 0 bus_irq 9 global_irq 9 high level)
[    0.000000] Using ACPI (MADT) for SMP configuration information
[    0.000000] ACPI: HPET id: 0x8086a201 base: 0xfed00000
[    0.000000] smpboot: Allowing 4 CPUs, 0 hotplug CPUs
[    0.000000] PM: Registered nosave memory: [mem 0x0009f000-0x0009ffff]
[    0.000000] PM: Registered nosave memory: [mem 0x000a0000-0x000fffff]
[    0.000000] PM: Registered nosave memory: [mem 0xbe0f1000-0xbe0f2fff]
[    0.000000] PM: Registered nosave memory: [mem 0xbe0f3000-0xbe0fbfff]
[    0.000000] PM: Registered nosave memory: [mem 0xbe0fd000-0xbe104fff]
[    0.000000] PM: Registered nosave memory: [mem 0xbebb4000-0xbebb5fff]
[    0.000000] PM: Registered nosave memory: [mem 0xbebf9000-0xbebfbfff]
[    0.000000] PM: Registered nosave memory: [mem 0xbec01000-0xbec04fff]
[    0.000000] PM: Registered nosave memory: [mem 0xbec11000-0xbec13fff]
[    0.000000] PM: Registered nosave memory: [mem 0xbec14000-0xbec14fff]
[    0.000000] PM: Registered nosave memory: [mem 0xbec15000-0xbec15fff]
[    0.000000] PM: Registered nosave memory: [mem 0xbec16000-0xbec16fff]
[    0.000000] PM: Registered nosave memory: [mem 0xbec30000-0xbee2ffff]
[    0.000000] PM: Registered nosave memory: [mem 0xbf065000-0xbf065fff]
[    0.000000] PM: Registered nosave memory: [mem 0xbf067000-0xbf06bfff]
[    0.000000] PM: Registered nosave memory: [mem 0xbf06d000-0xbf06efff]
[    0.000000] PM: Registered nosave memory: [mem 0xbf078000-0xbf07bfff]
[    0.000000] PM: Registered nosave memory: [mem 0xbf081000-0xbf082fff]
[    0.000000] PM: Registered nosave memory: [mem 0xbf087000-0xbf0a2fff]
[    0.000000] PM: Registered nosave memory: [mem 0xbf0a4000-0xbf0a4fff]
[    0.000000] PM: Registered nosave memory: [mem 0xbf0c8000-0xbf0c8fff]
[    0.000000] PM: Registered nosave memory: [mem 0xbf0d4000-0xbf0d7fff]
[    0.000000] PM: Registered nosave memory: [mem 0xbf0da000-0xbf0dbfff]
[    0.000000] PM: Registered nosave memory: [mem 0xbf101000-0xbf102fff]
[    0.000000] PM: Registered nosave memory: [mem 0xbf109000-0xbf109fff]
[    0.000000] PM: Registered nosave memory: [mem 0xbf10f000-0xbf10ffff]
[    0.000000] PM: Registered nosave memory: [mem 0xbf116000-0xbf117fff]
[    0.000000] PM: Registered nosave memory: [mem 0xbf122000-0xbf122fff]
[    0.000000] PM: Registered nosave memory: [mem 0xbf12a000-0xbf12afff]
[    0.000000] PM: Registered nosave memory: [mem 0xbf12e000-0xbf12efff]
[    0.000000] PM: Registered nosave memory: [mem 0xbf131000-0xbf168fff]
[    0.000000] PM: Registered nosave memory: [mem 0xbf17c000-0xbf181fff]
[    0.000000] PM: Registered nosave memory: [mem 0xbf183000-0xbf186fff]
[    0.000000] PM: Registered nosave memory: [mem 0xbf18e000-0xbf18efff]
[    0.000000] PM: Registered nosave memory: [mem 0xbf5d6000-0xbf5d8fff]
[    0.000000] PM: Registered nosave memory: [mem 0xbf5da000-0xbf5dafff]
[    0.000000] PM: Registered nosave memory: [mem 0xbf6d5000-0xbf6d5fff]
[    0.000000] PM: Registered nosave memory: [mem 0xbf6ee000-0xbf6eefff]
[    0.000000] e820: [mem 0xbf6f0000-0xfed1bfff] available for PCI devices
[    0.000000] setup_percpu: NR_CPUS:256 nr_cpumask_bits:256 nr_cpu_ids:4 nr_node_ids:1
[    0.000000] PERCPU: Embedded 26 pages/cpu @ffff8800bdc00000 s76032 r8192 d22272 u524288
[    0.000000] Built 1 zonelists in Node order, mobility grouping on.  Total pages: 771060
[    0.000000] Policy zone: DMA32
[    0.000000] Kernel command line: BOOT_IMAGE=(as0:0xa0341d000000000:0x71d:0x0,3)/bzImage console=ttyS0,115200n8 bootpart=3 uuid=d60b4845-fe4f-4184-9e34-41ce268533e1 mem=4G snd_hda_instel.bdl_pos_adj=8
[    0.000000] PID hash table entries: 4096 (order: 3, 32768 bytes)
[    0.000000] Memory: 3037920K/3133344K available (4946K kernel code, 597K rwdata, 2560K rodata, 812K init, 872K bss, 95424K reserved)
[    0.000000] SLUB: HWalign=64, Order=0-3, MinObjects=0, CPUs=4, Nodes=1
[    0.000000] Hierarchical RCU implementation.
[    0.000000] 	RCU dyntick-idle grace-period acceleration is enabled.
[    0.000000] 	RCU restricting CPUs from NR_CPUS=256 to nr_cpu_ids=4.
[    0.000000] NR_IRQS:16640 nr_irqs:712 16
[    0.000000] Console: colour dummy device 80x25
[    0.000000] console [ttyS0] enabled
[    0.000000] allocated 12582912 bytes of page_cgroup
[    0.000000] please try 'cgroup_disable=memory' option if you don't want memory cgroups
[    0.000000] tsc: Fast TSC calibration using PIT
[    0.001000] tsc: Detected 2127.973 MHz processor
[    0.000005] Calibrating delay loop (skipped), value calculated using timer frequency.. 4255.94 BogoMIPS (lpj=2127973)
[    0.010646] pid_max: default: 32768 minimum: 301
[    0.015313] init_memory_mapping: [mem 0xbebb4000-0xbebb5fff]
[    0.021028] init_memory_mapping: [mem 0xbf081000-0xbf082fff]
[    0.026720] init_memory_mapping: [mem 0xbf087000-0xbf099fff]
[    0.032409] init_memory_mapping: [mem 0xbf09a000-0xbf09dfff]
[    0.038099] init_memory_mapping: [mem 0xbf09e000-0xbf09efff]
[    0.043792] init_memory_mapping: [mem 0xbf09f000-0xbf0a2fff]
[    0.049488] init_memory_mapping: [mem 0xbf0a4000-0xbf0a4fff]
[    0.055183] init_memory_mapping: [mem 0xbf0c8000-0xbf0c8fff]
[    0.060874] init_memory_mapping: [mem 0xbf0da000-0xbf0dbfff]
[    0.066564] init_memory_mapping: [mem 0xbf101000-0xbf102fff]
[    0.072257] init_memory_mapping: [mem 0xbf116000-0xbf117fff]
[    0.077947] init_memory_mapping: [mem 0xbf122000-0xbf122fff]
[    0.083638] init_memory_mapping: [mem 0xbf12a000-0xbf12afff]
[    0.089330] init_memory_mapping: [mem 0xbf18e000-0xbf18efff]
[    0.095030] init_memory_mapping: [mem 0xbf5d6000-0xbf5d7fff]
[    0.100720] init_memory_mapping: [mem 0xbf5d8000-0xbf5d8fff]
[    0.106410] init_memory_mapping: [mem 0xbf5da000-0xbf5dafff]
[    0.112092] init_memory_mapping: [mem 0xbf6d5000-0xbf6d5fff]
[    0.117777] init_memory_mapping: [mem 0xbf6ee000-0xbf6eefff]
[    0.124543] Dentry cache hash table entries: 524288 (order: 10, 4194304 bytes)
[    0.134869] Inode-cache hash table entries: 262144 (order: 9, 2097152 bytes)
[    0.143284] Mount-cache hash table entries: 256
[    0.148307] Initializing cgroup subsys memory
[    0.152724] Initializing cgroup subsys devices
[    0.157182] Initializing cgroup subsys freezer
[    0.161634] Initializing cgroup subsys blkio
[    0.165914] Initializing cgroup subsys perf_event
[    0.170628] Initializing cgroup subsys hugetlb
[    0.175113] Disabled fast string operations
[    0.179310] CPU: Physical Processor ID: 0
[    0.183325] CPU: Processor Core ID: 0
[    0.186998] mce: CPU supports 5 MCE banks
[    0.191025] CPU0: Thermal monitoring enabled (TM1)
[    0.195835] Last level iTLB entries: 4KB 32, 2MB 0, 4MB 0
[    0.195835] Last level dTLB entries: 4KB 64, 2MB 0, 4MB 8
[    0.195835] tlb_flushall_shift: 6
[    0.210029] Freeing SMP alternatives memory: 16K (ffffffff81b62000 - ffffffff81b66000)
[    0.217947] ACPI: Core revision 20130725
[    0.225095] ACPI: All ACPI Tables successfully acquired
[    0.234063] ..TIMER: vector=0x30 apic1=0 pin1=2 apic2=-1 pin2=-1
[    0.250070] smpboot: CPU0: Intel(R) Atom(TM) CPU D2701   @ 2.13GHz (fam: 06, model: 36, stepping: 01)
[    0.360542] Performance Events: PEBS fmt0+, 8-deep LBR, Atom events, Intel PMU driver.
[    0.368559] ... version:                3
[    0.372570] ... bit width:              40
[    0.376666] ... generic registers:      2
[    0.380679] ... value mask:             000000ffffffffff
[    0.385988] ... max period:             000000007fffffff
[    0.391298] ... fixed-purpose events:   3
[    0.395310] ... event mask:             0000000700000003
[    0.401141] smpboot: Booting Node   0, Processors  #   1[    0.417332] Disabled fast string operations
 #   2[    0.435461] Disabled fast string operations
 #   3 OK
[    0.453978] Disabled fast string operations
[    0.460357] Brought up 4 CPUs
[    0.463335] smpboot: Total of 4 processors activated (17023.78 BogoMIPS)
[    0.470981] devtmpfs: initialized
[    0.483456] PM: Registering ACPI NVS region [mem 0xbe0f3000-0xbe0fbfff] (36864 bytes)
[    0.491291] PM: Registering ACPI NVS region [mem 0xbebf9000-0xbebfbfff] (12288 bytes)
[    0.499126] PM: Registering ACPI NVS region [mem 0xbec14000-0xbec14fff] (4096 bytes)
[    0.506866] PM: Registering ACPI NVS region [mem 0xbec16000-0xbec16fff] (4096 bytes)
[    0.514602] PM: Registering ACPI NVS region [mem 0xbec30000-0xbee2ffff] (2097152 bytes)
[    0.522674] PM: Registering ACPI NVS region [mem 0xbf065000-0xbf065fff] (4096 bytes)
[    0.530411] PM: Registering ACPI NVS region [mem 0xbf067000-0xbf06bfff] (20480 bytes)
[    0.538235] PM: Registering ACPI NVS region [mem 0xbf06d000-0xbf06efff] (8192 bytes)
[    0.545970] PM: Registering ACPI NVS region [mem 0xbf078000-0xbf07bfff] (16384 bytes)
[    0.553794] PM: Registering ACPI NVS region [mem 0xbf0d4000-0xbf0d7fff] (16384 bytes)
[    0.561614] PM: Registering ACPI NVS region [mem 0xbf10f000-0xbf10ffff] (4096 bytes)
[    0.569350] PM: Registering ACPI NVS region [mem 0xbf12e000-0xbf12efff] (4096 bytes)
[    0.577088] PM: Registering ACPI NVS region [mem 0xbf131000-0xbf168fff] (229376 bytes)
[    0.585005] PM: Registering ACPI NVS region [mem 0xbf17c000-0xbf181fff] (24576 bytes)
[    0.592829] PM: Registering ACPI NVS region [mem 0xbf183000-0xbf186fff] (16384 bytes)
[    0.600811] xor: measuring software checksum speed
[    0.615411]    prefetch64-sse:  7164.000 MB/sec
[    0.629404]    generic_sse:  6404.000 MB/sec
[    0.633673] xor: using function: prefetch64-sse (7164.000 MB/sec)
[    0.639913] regulator-dummy: no parameters
[    0.644057] RTC time: 14:42:54, date: 02/18/18
[    0.648598] NET: Registered protocol family 16
[    0.653348] cpuidle: using governor ladder
[    0.657445] cpuidle: using governor menu
[    0.661505] ACPI: bus type PCI registered
[    0.665613] PCI: MMCONFIG for domain 0000 [bus 00-ff] at [mem 0xe0000000-0xefffffff] (base 0xe0000000)
[    0.674917] PCI: not using MMCONFIG
[    0.678409] PCI: Using configuration type 1 for base access
[    0.687297] bio: create slab <bio-0> at 0
[    0.708567] raid6: sse2x1     183 MB/s
[    0.728465] raid6: sse2x2     332 MB/s
[    0.748387] raid6: sse2x4     542 MB/s
[    0.752141] raid6: using algorithm sse2x4 (542 MB/s)
[    0.757104] raid6: using ssse3x2 recovery algorithm
[    0.762087] ACPI: Added _OSI(Module Device)
[    0.766280] ACPI: Added _OSI(Processor Device)
[    0.770723] ACPI: Added _OSI(3.0 _SCP Extensions)
[    0.775427] ACPI: Added _OSI(Processor Aggregator Device)
[    0.787375] [Firmware Bug]: ACPI: BIOS _OSI(Linux) query ignored
[    0.793819] ACPI: Interpreter enabled
[    0.797493] ACPI Exception: AE_NOT_FOUND, While evaluating Sleep State [\_S1_] (20130725/hwxface-571)
[    0.806755] ACPI Exception: AE_NOT_FOUND, While evaluating Sleep State [\_S2_] (20130725/hwxface-571)
[    0.816033] ACPI: (supports S0 S3 S4 S5)
[    0.819962] ACPI: Using IOAPIC for interrupt routing
[    0.824983] PCI: MMCONFIG for domain 0000 [bus 00-ff] at [mem 0xe0000000-0xefffffff] (base 0xe0000000)
[    0.834676] PCI: MMCONFIG at [mem 0xe0000000-0xefffffff] reserved in ACPI motherboard resources
[    0.993027] PCI: Using host bridge windows from ACPI; if necessary, use "pci=nocrs" and report a bug
[    1.002346] ACPI: No dock devices found.
[    1.014932] ACPI: PCI Root Bridge [PCI0] (domain 0000 [bus 00-ff])
[    1.021315] acpi PNP0A08:00: ACPI _OSC support notification failed, disabling PCIe ASPM
[    1.029316] acpi PNP0A08:00: Unable to request _OSC control (_OSC support mask: 0x08)
[    1.037580] PCI host bridge to bus 0000:00
[    1.041688] pci_bus 0000:00: root bus resource [bus 00-ff]
[    1.047180] pci_bus 0000:00: root bus resource [io  0x0000-0x0cf7]
[    1.053365] pci_bus 0000:00: root bus resource [io  0x0d00-0xffff]
[    1.059548] pci_bus 0000:00: root bus resource [mem 0x000a0000-0x000bffff]
[    1.066419] pci_bus 0000:00: root bus resource [mem 0x000c0000-0x000dffff]
[    1.073289] pci_bus 0000:00: root bus resource [mem 0x000e0000-0x000effff]
[    1.080157] pci_bus 0000:00: root bus resource [mem 0x000f0000-0x000fffff]
[    1.087028] pci_bus 0000:00: root bus resource [mem 0xc0000000-0xfebfffff]
[    1.093898] pci_bus 0000:00: root bus resource [mem 0xfed40000-0xfed44fff]
[    1.101457] pci 0000:00:1a.0: System wakeup disabled by ACPI
[    1.107449] pci 0000:00:1a.1: System wakeup disabled by ACPI
[    1.113443] pci 0000:00:1a.2: System wakeup disabled by ACPI
[    1.119494] pci 0000:00:1a.7: System wakeup disabled by ACPI
[    1.125455] pci 0000:00:1b.0: System wakeup disabled by ACPI
[    1.131404] pci 0000:00:1c.0: System wakeup disabled by ACPI
[    1.137354] pci 0000:00:1c.1: System wakeup disabled by ACPI
[    1.143298] pci 0000:00:1c.2: System wakeup disabled by ACPI
[    1.149249] pci 0000:00:1c.3: System wakeup disabled by ACPI
[    1.155196] pci 0000:00:1c.4: System wakeup disabled by ACPI
[    1.161157] pci 0000:00:1c.5: System wakeup disabled by ACPI
[    1.167136] pci 0000:00:1d.0: System wakeup disabled by ACPI
[    1.173118] pci 0000:00:1d.1: System wakeup disabled by ACPI
[    1.179092] pci 0000:00:1d.2: System wakeup disabled by ACPI
[    1.185142] pci 0000:00:1d.7: System wakeup disabled by ACPI
[    1.191203] pci 0000:00:1f.0: address space collision: [io  0x0400-0x047f] conflicts with ACPI CPU throttle [??? 0x00000410-0x00000415 flags 0x80000000]
[    1.204841] pci 0000:00:1f.0: quirk: [io  0x0500-0x053f] claimed by ICH6 GPIO
[    1.211976] pci 0000:00:1f.0: ICH7 LPC Generic IO decode 1 PIO at 0680 (mask 007f)
[    1.219550] pci 0000:00:1f.0: ICH7 LPC Generic IO decode 3 PIO at 0310 (mask 0007)
[    1.230138] pci 0000:00:1c.0: PCI bridge to [bus 01]
[    1.237130] pci 0000:00:1c.1: PCI bridge to [bus 02]
[    1.242208] pci 0000:00:1c.2: PCI bridge to [bus 03]
[    1.249127] pci 0000:00:1c.3: PCI bridge to [bus 04]
[    1.256123] pci 0000:00:1c.4: PCI bridge to [bus 05]
[    1.263120] pci 0000:00:1c.5: PCI bridge to [bus 06]
[    1.268219] pci 0000:00:1e.0: PCI bridge to [bus 07] (subtractive decode)
[    1.275415] ACPI: PCI Interrupt Link [LNKA] (IRQs 3 4 5 7 9 10 11 12) *0, disabled.
[    1.283455] ACPI: PCI Interrupt Link [LNKB] (IRQs 3 4 5 7 9 10 11 12) *0, disabled.
[    1.291490] ACPI: PCI Interrupt Link [LNKC] (IRQs 3 4 5 7 9 10 11 12) *0, disabled.
[    1.299520] ACPI: PCI Interrupt Link [LNKD] (IRQs 3 4 5 7 9 10 11 12) *0, disabled.
[    1.307550] ACPI: PCI Interrupt Link [LNKE] (IRQs 3 4 5 7 9 10 11 12) *0, disabled.
[    1.315575] ACPI: PCI Interrupt Link [LNKF] (IRQs 3 4 5 7 9 10 11 12) *0
[    1.322616] ACPI: PCI Interrupt Link [LNKG] (IRQs 3 4 5 7 9 10 11 12) *0
[    1.329660] ACPI: PCI Interrupt Link [LNKH] (IRQs 3 4 5 7 9 10 11 12) *0
[    1.337123] ACPI: Enabled 5 GPEs in block 00 to 1F
[    1.342254] vgaarb: device added: PCI:0000:00:02.0,decodes=io+mem,owns=io+mem,locks=none
[    1.350354] vgaarb: loaded
[    1.353065] vgaarb: bridge control possible 0000:00:02.0
[    1.358574] SCSI subsystem initialized
[    1.362511] ACPI: bus type USB registered
[    1.366573] usbcore: registered new interface driver usbfs
[    1.372086] usbcore: registered new interface driver hub
[    1.377463] usbcore: registered new device driver usb
[    1.382572] pps_core: LinuxPPS API ver. 1 registered
[    1.387536] pps_core: Software ver. 5.3.6 - Copyright 2005-2007 Rodolfo Giometti <giometti@linux.it>
[    1.396668] PTP clock support registered
[    1.400751] PCI: Using ACPI for IRQ routing
[    1.413986] hpet0: at MMIO 0xfed00000, IRQs 2, 8, 0, 0
[    1.419223] hpet0: 4 comparators, 64-bit 14.318180 MHz counter
[    1.427098] Switched to clocksource hpet
[    1.431163] pnp: PnP ACPI init
[    1.434250] ACPI: bus type PNP registered
[    1.438962] system 00:03: [io  0x0400-0x047f] could not be reserved
[    1.445242] system 00:03: [io  0x0500-0x057f] could not be reserved
[    1.451512] system 00:03: [io  0xefa0-0xefbf] has been reserved
[    1.457594] system 00:04: [mem 0xfed00000-0xfed003ff] has been reserved
[    1.465195] system 00:07: [mem 0xe0000000-0xefffffff] has been reserved
[    1.471816] system 00:07: [mem 0xfed1c000-0xfed1ffff] has been reserved
[    1.478437] system 00:07: [mem 0x000c0000-0x000dffff] has been reserved
[    1.485055] system 00:07: [mem 0xffe00000-0xffffffff] could not be reserved
[    1.492022] system 00:07: [mem 0x000e0000-0x000fffff] could not be reserved
[    1.498986] system 00:07: [mem 0xfee00000-0xfeefffff] has been reserved
[    1.505721] pnp: PnP ACPI: found 9 devices
[    1.509823] ACPI: bus type PNP unregistered
[    1.523701] pci 0000:01:00.0: no compatible bridge window for [mem 0xffff0000-0xffffffff pref]
[    1.532316] pci 0000:02:00.0: no compatible bridge window for [mem 0xffff0000-0xffffffff pref]
[    1.540935] pci 0000:05:00.0: no compatible bridge window for [mem 0xfffff800-0xffffffff pref]
[    1.549544] pci 0000:06:00.0: no compatible bridge window for [mem 0xfffff800-0xffffffff pref]
[    1.558235] pci 0000:00:1f.0: BAR 13: [io  0x0400-0x047f] has bogus alignment
[    1.565387] pci 0000:00:1c.4: BAR 14: assigned [mem 0xc0700000-0xc07fffff]
[    1.572277] pci 0000:00:1c.5: BAR 14: assigned [mem 0xc0800000-0xc08fffff]
[    1.579159] pci 0000:01:00.0: BAR 6: assigned [mem 0xc0410000-0xc041ffff pref]
[    1.586390] pci 0000:00:1c.0: PCI bridge to [bus 01]
[    1.591362] pci 0000:00:1c.0:   bridge window [io  0x2000-0x2fff]
[    1.597462] pci 0000:00:1c.0:   bridge window [mem 0xc0400000-0xc04fffff]
[    1.604269] pci 0000:02:00.0: BAR 6: assigned [mem 0xc0310000-0xc031ffff pref]
[    1.611494] pci 0000:00:1c.1: PCI bridge to [bus 02]
[    1.616466] pci 0000:00:1c.1:   bridge window [io  0x1000-0x1fff]
[    1.622568] pci 0000:00:1c.1:   bridge window [mem 0xc0300000-0xc03fffff]
[    1.629371] pci 0000:00:1c.2: PCI bridge to [bus 03]
[    1.634359] pci 0000:00:1c.3: PCI bridge to [bus 04]
[    1.639338] pci 0000:00:1c.3:   bridge window [mem 0xc0200000-0xc02fffff]
[    1.646137] pci 0000:05:00.0: BAR 6: assigned [mem 0xc0700000-0xc07007ff pref]
[    1.653361] pci 0000:00:1c.4: PCI bridge to [bus 05]
[    1.658338] pci 0000:00:1c.4:   bridge window [mem 0xc0700000-0xc07fffff]
[    1.665136] pci 0000:00:1c.4:   bridge window [mem 0xc0100000-0xc01fffff 64bit pref]
[    1.672886] pci 0000:06:00.0: BAR 6: assigned [mem 0xc0800000-0xc08007ff pref]
[    1.680113] pci 0000:00:1c.5: PCI bridge to [bus 06]
[    1.685087] pci 0000:00:1c.5:   bridge window [mem 0xc0800000-0xc08fffff]
[    1.691880] pci 0000:00:1c.5:   bridge window [mem 0xc0000000-0xc00fffff 64bit pref]
[    1.699635] pci 0000:00:1e.0: PCI bridge to [bus 07]
[    1.704822] NET: Registered protocol family 2
[    1.709553] TCP established hash table entries: 32768 (order: 7, 524288 bytes)
[    1.717146] TCP bind hash table entries: 32768 (order: 7, 524288 bytes)
[    1.724071] TCP: Hash tables configured (established 32768 bind 32768)
[    1.730721] TCP: reno registered
[    1.734012] UDP hash table entries: 2048 (order: 4, 65536 bytes)
[    1.740081] UDP-Lite hash table entries: 2048 (order: 4, 65536 bytes)
[    1.746733] NET: Registered protocol family 1
[    1.755370] pci 0000:04:00.0: enabling device (0000 -> 0002)
[    1.761326] Trying to unpack rootfs image as initramfs...
[    4.817946] Freeing initrd memory: 12868K (ffff8800366ce000 - ffff88003735f000)
[    4.825716] microcode: CPU0 sig=0x30661, pf=0x4, revision=0x103
[    4.831644] microcode: CPU1 sig=0x30661, pf=0x4, revision=0x103
[    4.837570] microcode: CPU2 sig=0x30661, pf=0x4, revision=0x103
[    4.843494] microcode: CPU3 sig=0x30661, pf=0x4, revision=0x103
[    4.849538] microcode: Microcode Update Driver: v2.00 <tigran@aivazian.fsnet.co.uk>, Peter Oruba
[    4.858328] Scanning for low memory corruption every 60 seconds
[    4.864970] audit: initializing netlink socket (disabled)
[    4.870397] type=2000 audit(1518964974.076:1): initialized
[    4.929104] bounce pool size: 64 pages
[    4.932875] HugeTLB registered 2 MB page size, pre-allocated 0 pages
[    4.942375] VFS: Disk quotas dquot_6.5.2
[    4.946404] Dquot-cache hash table entries: 512 (order 0, 4096 bytes)
[    4.953960] fuse init (API version 7.22)
[    4.958118] msgmni has been set to 5997
[    4.963074] Block layer SCSI generic (bsg) driver version 0.4 loaded (major 250)
[    4.970562] io scheduler noop registered
[    4.974502] io scheduler deadline registered
[    4.978872] io scheduler cfq registered (default)
[    4.985855] pci_hotplug: PCI Hot Plug PCI Core version: 0.5
[    4.991478] pciehp: PCI Express Hot Plug Controller Driver version: 0.4
[    4.998312] input: Sleep Button as /devices/LNXSYSTM:00/device:00/PNP0C0E:00/input/input0
[    5.006498] ACPI: Sleep Button [SLPB]
[    5.010275] input: Power Button as /devices/LNXSYSTM:00/device:00/PNP0C0C:00/input/input1
[    5.018458] ACPI: Power Button [PWRB]
[    5.022794] Serial: 8250/16550 driver, 32 ports, IRQ sharing enabled
[    5.049887] 00:05: ttyS0 at I/O 0x3f8 (irq = 4, base_baud = 115200) is a 16550A
[    5.077944] 00:06: ttyS1 at I/O 0x2f8 (irq = 3, base_baud = 115200) is a 16550A
[    5.088676] Linux agpgart interface v0.103
[    5.095900] brd: module loaded
[    5.100674] loop: module loaded
[    5.104415] [AS] no aspeed setting!
[    5.108131] ahci 0000:00:1f.2: AHCI 0001.0200 32 slots 6 ports 3 Gbps 0x3f impl SATA mode
[    5.116320] ahci 0000:00:1f.2: flags: 64bit ncq sntf pm led clo pmp pio slum part ccc ems
[    5.135807] scsi0 : ahci
[    5.138571] scsi1 : ahci
[    5.141276] scsi2 : ahci
[    5.143982] scsi3 : ahci
[    5.146679] scsi4 : ahci
[    5.149387] scsi5 : ahci
[    5.152028] ata1: SATA max UDMA/133 abar m2048@0xc0604000 port 0xc0604100 irq 46
[    5.159432] ata2: SATA max UDMA/133 abar m2048@0xc0604000 port 0xc0604180 irq 46
[    5.166834] ata3: SATA max UDMA/133 abar m2048@0xc0604000 port 0xc0604200 irq 46
[    5.174233] ata4: SATA max UDMA/133 abar m2048@0xc0604000 port 0xc0604280 irq 46
[    5.181629] ata5: SATA max UDMA/133 abar m2048@0xc0604000 port 0xc0604300 irq 46
[    5.189027] ata6: SATA max UDMA/133 abar m2048@0xc0604000 port 0xc0604380 irq 46
[    5.196476] ahci 0000:01:00.0: enabling device (0000 -> 0003)
[    5.202539] ahci 0000:01:00.0: AHCI 0001.0000 32 slots 2 ports 6 Gbps 0x3 impl SATA mode
[    5.210636] ahci 0000:01:00.0: flags: 64bit ncq sntf led only pmp fbs pio slum part sxs
[    5.218733] ahci 0000:01:00.0: port 0 can do FBS, forcing FBSCP
[    5.224788] ahci 0000:01:00.0: port 1 can do FBS, forcing FBSCP
[    5.231323] scsi6 : ahci
[    5.234044] scsi7 : ahci
[    5.236690] ata7: SATA max UDMA/133 abar m2048@0xc0400000 port 0xc0400100 irq 47
[    5.244093] ata8: SATA max UDMA/133 abar m2048@0xc0400000 port 0xc0400180 irq 47
[    5.251528] ahci 0000:02:00.0: enabling device (0000 -> 0003)
[    5.257587] ahci 0000:02:00.0: AHCI 0001.0000 32 slots 2 ports 6 Gbps 0x3 impl SATA mode
[    5.265683] ahci 0000:02:00.0: flags: 64bit ncq sntf led only pmp fbs pio slum part sxs
[    5.273777] ahci 0000:02:00.0: port 0 can do FBS, forcing FBSCP
[    5.279830] ahci 0000:02:00.0: port 1 can do FBS, forcing FBSCP
[    5.286390] scsi8 : ahci
[    5.289104] scsi9 : ahci
[    5.291751] ata9: SATA max UDMA/133 abar m2048@0xc0300000 port 0xc0300100 irq 48
[    5.299156] ata10: SATA max UDMA/133 abar m2048@0xc0300000 port 0xc0300180 irq 48
[    5.306942] tg3.c:v3.133 (Jul 29, 2013)
[    5.310796] tg3 0000:05:00.0: enabling device (0000 -> 0002)
[    5.501438] ata5: SATA link down (SStatus 0 SControl 300)
[    5.506902] ata4: SATA link down (SStatus 0 SControl 300)
[    5.512389] ata3: SATA link down (SStatus 0 SControl 300)
[    5.517843] ata6: SATA link down (SStatus 0 SControl 300)
[    5.523307] ata2: SATA link down (SStatus 0 SControl 300)
[    5.528800] ata1: SATA link down (SStatus 0 SControl 300)
[    5.558476] ata7: SATA link down (SStatus 0 SControl 330)
[    5.618378] ata10: SATA link down (SStatus 0 SControl 330)
[    5.623932] ata9: SATA link down (SStatus 0 SControl 330)
[    5.716332] ata8: SATA link up 6.0 Gbps (SStatus 133 SControl 330)
[    5.723595] ata8.00: ATA-8: ST2000DM001-1CH164, CC24, max UDMA/133
[    5.729791] ata8.00: 3907029168 sectors, multi 0: LBA48 NCQ (depth 31/32), AA
[    5.737778] ata8.00: configured for UDMA/133
[    5.742349] scsi 7:0:0:0: Direct-Access     ATA      ST2000DM001-1CH1 CC24 PQ: 0 ANSI: 5
[    5.750755] sd 7:0:0:0: [sda] 3907029168 512-byte logical blocks: (2.00 TB/1.81 TiB)
[    5.750861] sd 7:0:0:0: Attached scsi generic sg0 type 0
[    5.763829] sd 7:0:0:0: [sda] 4096-byte physical blocks
[    5.769273] sd 7:0:0:0: [sda] Write Protect is off
[    5.774169] sd 7:0:0:0: [sda] Write cache: enabled, read cache: enabled, doesn't support DPO or FUA
[    5.805375] tg3 0000:05:00.0 eth0: Tigon3 [partno(BCM57781) rev 57785100] (PCI Express) MAC address 10:bf:48:8a:21:5d
[    5.815980] tg3 0000:05:00.0 eth0: attached PHY is 57765 (10/100/1000Base-T Ethernet) (WireSpeed[1], EEE[1])
[    5.825806] tg3 0000:05:00.0 eth0: RXcsums[1] LinkChgREG[0] MIirq[0] ASF[0] TSOcap[1]
[    5.833645] tg3 0000:05:00.0 eth0: dma_rwctrl[00000001] dma_mask[64-bit]
[    5.840442] tg3 0000:06:00.0: enabling device (0000 -> 0002)
[    5.840718]  sda: sda1 sda2 sda3 sda4
[    5.851252] tsc: Refined TSC clocksource calibration: 2127.999 MHz
[    6.222543] tg3 0000:06:00.0 eth1: Tigon3 [partno(BCM57781) rev 57785100] (PCI Express) MAC address 10:bf:48:8a:21:5c
[    6.233152] tg3 0000:06:00.0 eth1: attached PHY is 57765 (10/100/1000Base-T Ethernet) (WireSpeed[1], EEE[1])
[    6.242982] tg3 0000:06:00.0 eth1: RXcsums[1] LinkChgREG[0] MIirq[0] ASF[0] TSOcap[1]
[    6.244749] sd 7:0:0:0: [sda] Attached SCSI disk
[    6.255435] tg3 0000:06:00.0 eth1: dma_rwctrl[00000001] dma_mask[64-bit]
[    6.262232] e1000: Intel(R) PRO/1000 Network Driver - version 7.3.21-k8-NAPI
[    6.269277] e1000: Copyright (c) 1999-2006 Intel Corporation.
[    6.275094] e1000e: Intel(R) PRO/1000 Network Driver - 2.3.2-k
[    6.280931] e1000e: Copyright(c) 1999 - 2013 Intel Corporation.
[    6.286926] usbcore: registered new interface driver catc
[    6.292458] ehci_hcd: USB 2.0 'Enhanced' Host Controller (EHCI) Driver
[    6.298994] ehci-pci: EHCI PCI platform driver
[    6.303808] ehci-pci 0000:00:1a.7: EHCI Host Controller
[    6.309179] ehci-pci 0000:00:1a.7: new USB bus registered, assigned bus number 1
[    6.316602] ehci-pci 0000:00:1a.7: debug port 1
[    6.325090] ehci-pci 0000:00:1a.7: irq 18, io mem 0xc0606000
[    6.336038] ehci-pci 0000:00:1a.7: USB 2.0 started, EHCI 1.00
[    6.341959] usb usb1: New USB device found, idVendor=1d6b, idProduct=0002
[    6.348758] usb usb1: New USB device strings: Mfr=3, Product=2, SerialNumber=1
[    6.355979] usb usb1: Product: EHCI Host Controller
[    6.360865] usb usb1: Manufacturer: Linux 3.12.20 ehci_hcd
[    6.366355] usb usb1: SerialNumber: 0000:00:1a.7
[    6.371236] hub 1-0:1.0: USB hub found
[    6.375045] hub 1-0:1.0: 6 ports detected
[    6.379862] ehci-pci 0000:00:1d.7: EHCI Host Controller
[    6.385217] ehci-pci 0000:00:1d.7: new USB bus registered, assigned bus number 2
[    6.392636] ehci-pci 0000:00:1d.7: debug port 1
[    6.401138] ehci-pci 0000:00:1d.7: irq 16, io mem 0xc0605000
[    6.412006] ehci-pci 0000:00:1d.7: USB 2.0 started, EHCI 1.00
[    6.417912] usb usb2: New USB device found, idVendor=1d6b, idProduct=0002
[    6.424705] usb usb2: New USB device strings: Mfr=3, Product=2, SerialNumber=1
[    6.431926] usb usb2: Product: EHCI Host Controller
[    6.436812] usb usb2: Manufacturer: Linux 3.12.20 ehci_hcd
[    6.442305] usb usb2: SerialNumber: 0000:00:1d.7
[    6.447177] hub 2-0:1.0: USB hub found
[    6.450966] hub 2-0:1.0: 6 ports detected
[    6.455473] ohci_hcd: USB 1.1 'Open' Host Controller (OHCI) Driver
[    6.461660] ohci-pci: OHCI PCI platform driver
[    6.466139] uhci_hcd: USB Universal Host Controller Interface driver
[    6.472809] uhci_hcd 0000:00:1a.0: UHCI Host Controller
[    6.478158] uhci_hcd 0000:00:1a.0: new USB bus registered, assigned bus number 3
[    6.485625] uhci_hcd 0000:00:1a.0: irq 19, io base 0x000030e0
[    6.491572] usb usb3: New USB device found, idVendor=1d6b, idProduct=0001
[    6.498370] usb usb3: New USB device strings: Mfr=3, Product=2, SerialNumber=1
[    6.505601] usb usb3: Product: UHCI Host Controller
[    6.510485] usb usb3: Manufacturer: Linux 3.12.20 uhci_hcd
[    6.515978] usb usb3: SerialNumber: 0000:00:1a.0
[    6.520851] hub 3-0:1.0: USB hub found
[    6.524648] hub 3-0:1.0: 2 ports detected
[    6.529301] uhci_hcd 0000:00:1a.1: UHCI Host Controller
[    6.534649] uhci_hcd 0000:00:1a.1: new USB bus registered, assigned bus number 4
[    6.542090] uhci_hcd 0000:00:1a.1: irq 16, io base 0x000030c0
[    6.548035] usb usb4: New USB device found, idVendor=1d6b, idProduct=0001
[    6.554833] usb usb4: New USB device strings: Mfr=3, Product=2, SerialNumber=1
[    6.562055] usb usb4: Product: UHCI Host Controller
[    6.566939] usb usb4: Manufacturer: Linux 3.12.20 uhci_hcd
[    6.572432] usb usb4: SerialNumber: 0000:00:1a.1
[    6.577310] hub 4-0:1.0: USB hub found
[    6.581099] hub 4-0:1.0: 2 ports detected
[    6.585704] uhci_hcd 0000:00:1a.2: UHCI Host Controller
[    6.591059] uhci_hcd 0000:00:1a.2: new USB bus registered, assigned bus number 5
[    6.598523] uhci_hcd 0000:00:1a.2: irq 17, io base 0x000030a0
[    6.604463] usb usb5: New USB device found, idVendor=1d6b, idProduct=0001
[    6.611254] usb usb5: New USB device strings: Mfr=3, Product=2, SerialNumber=1
[    6.618476] usb usb5: Product: UHCI Host Controller
[    6.623360] usb usb5: Manufacturer: Linux 3.12.20 uhci_hcd
[    6.628857] usb usb5: SerialNumber: 0000:00:1a.2
[    6.633762] hub 5-0:1.0: USB hub found
[    6.637547] hub 5-0:1.0: 2 ports detected
[    6.642181] uhci_hcd 0000:00:1d.0: UHCI Host Controller
[    6.647523] uhci_hcd 0000:00:1d.0: new USB bus registered, assigned bus number 6
[    6.654969] uhci_hcd 0000:00:1d.0: irq 17, io base 0x00003080
[    6.660933] usb usb6: New USB device found, idVendor=1d6b, idProduct=0001
[    6.667730] usb usb6: New USB device strings: Mfr=3, Product=2, SerialNumber=1
[    6.674951] usb usb6: Product: UHCI Host Controller
[    6.679837] usb usb6: Manufacturer: Linux 3.12.20 uhci_hcd
[    6.685334] usb usb6: SerialNumber: 0000:00:1d.0
[    6.685363] usb 1-2: new high-speed USB device number 2 using ehci-pci
[    6.696726] hub 6-0:1.0: USB hub found
[    6.700530] hub 6-0:1.0: 2 ports detected
[    6.705157] uhci_hcd 0000:00:1d.1: UHCI Host Controller
[    6.710509] uhci_hcd 0000:00:1d.1: new USB bus registered, assigned bus number 7
[    6.717952] uhci_hcd 0000:00:1d.1: irq 18, io base 0x00003060
[    6.723907] usb usb7: New USB device found, idVendor=1d6b, idProduct=0001
[    6.730698] usb usb7: New USB device strings: Mfr=3, Product=2, SerialNumber=1
[    6.737924] usb usb7: Product: UHCI Host Controller
[    6.742808] usb usb7: Manufacturer: Linux 3.12.20 uhci_hcd
[    6.748301] usb usb7: SerialNumber: 0000:00:1d.1
[    6.753171] hub 7-0:1.0: USB hub found
[    6.756959] hub 7-0:1.0: 2 ports detected
[    6.761572] uhci_hcd 0000:00:1d.2: UHCI Host Controller
[    6.766945] uhci_hcd 0000:00:1d.2: new USB bus registered, assigned bus number 8
[    6.774381] uhci_hcd 0000:00:1d.2: irq 19, io base 0x00003040
[    6.780332] usb usb8: New USB device found, idVendor=1d6b, idProduct=0001
[    6.787123] usb usb8: New USB device strings: Mfr=3, Product=2, SerialNumber=1
[    6.794351] usb usb8: Product: UHCI Host Controller
[    6.799239] usb usb8: Manufacturer: Linux 3.12.20 uhci_hcd
[    6.804732] usb usb8: SerialNumber: 0000:00:1d.2
[    6.809644] hub 8-0:1.0: USB hub found
[    6.813439] hub 8-0:1.0: 2 ports detected
[    6.815355] usb 1-2: New USB device found, idVendor=fafa, idProduct=fafa
[    6.815358] usb 1-2: New USB device strings: Mfr=1, Product=2, SerialNumber=3
[    6.815361] usb 1-2: Product: Mass Storage
[    6.815364] usb 1-2: Manufacturer: Generic
[    6.815366] usb 1-2: SerialNumber: 3EAB757E
[    6.844203] xhci_hcd 0000:04:00.0: xHCI Host Controller
[    6.849556] xhci_hcd 0000:04:00.0: new USB bus registered, assigned bus number 9
[    6.857596] Switched to clocksource tsc
[    6.857692] usb usb9: New USB device found, idVendor=1d6b, idProduct=0002
[    6.857696] usb usb9: New USB device strings: Mfr=3, Product=2, SerialNumber=1
[    6.857700] usb usb9: Product: xHCI Host Controller
[    6.857703] usb usb9: Manufacturer: Linux 3.12.20 xhci_hcd
[    6.857706] usb usb9: SerialNumber: 0000:04:00.0
[    6.858048] hub 9-0:1.0: USB hub found
[    6.858077] hub 9-0:1.0: 2 ports detected
[    6.858403] xhci_hcd 0000:04:00.0: xHCI Host Controller
[    6.858501] xhci_hcd 0000:04:00.0: new USB bus registered, assigned bus number 10
[    6.860689] usb usb10: New USB device found, idVendor=1d6b, idProduct=0003
[    6.860694] usb usb10: New USB device strings: Mfr=3, Product=2, SerialNumber=1
[    6.860697] usb usb10: Product: xHCI Host Controller
[    6.860700] usb usb10: Manufacturer: Linux 3.12.20 xhci_hcd
[    6.860703] usb usb10: SerialNumber: 0000:04:00.0
[    6.861036] hub 10-0:1.0: USB hub found
[    6.861071] hub 10-0:1.0: 2 ports detected
[    6.945804] usb 2-1: new high-speed USB device number 2 using ehci-pci
[    6.960879] usbcore: registered new interface driver cdc_acm
[    6.966555] cdc_acm: USB Abstract Control Model driver for USB modems and ISDN adapters
[    6.974608] usbcore: registered new interface driver usblp
[    6.980171] usb-storage 1-2:1.0: USB Mass Storage device detected
[    6.986395] scsi10 : usb-storage 1-2:1.0
[    6.990469] usbcore: registered new interface driver usb-storage
[    6.996583] usbcore: registered new interface driver usbserial
[    7.002440] usbcore: registered new interface driver ftdi_sio
[    7.008209] usbserial: USB Serial support registered for FTDI USB Serial Device
[    7.015760] i8042: PNP: No PS/2 controller found. Probing ports directly.
[    7.056266] serio: i8042 KBD port at 0x60,0x64 irq 1
[    7.061460] mousedev: PS/2 mouse device common for all mice
[    7.067469] rtc_cmos 00:01: RTC can wake from S4
[    7.072337] rtc_cmos 00:01: rtc core: registered rtc_cmos as rtc0
[    7.078487] rtc_cmos 00:01: alarms up to one month, 242 bytes nvram
[    7.078824] usb 2-1: New USB device found, idVendor=125f, idProduct=601a
[    7.078828] usb 2-1: New USB device strings: Mfr=1, Product=2, SerialNumber=3
[    7.078831] usb 2-1: Product: IUM01-001GFHL
[    7.078833] usb 2-1: Manufacturer: ADATA
[    7.078836] usb 2-1: SerialNumber: 120591111340000051
[    7.079133] usb-storage 2-1:1.0: USB Mass Storage device detected
[    7.079244] scsi11 : usb-storage 2-1:1.0
[    7.121751] i2c /dev entries driver
[    7.125319] i801_smbus 0000:00:1f.3: enabling device (0000 -> 0003)
[    7.131862] i801_smbus 0000:00:1f.3: can't derive routing for PCI INT C
[    7.138482] i801_smbus 0000:00:1f.3: PCI INT C: no GSI
[    7.143980] md: linear personality registered for level -1
[    7.149482] md: raid0 personality registered for level 0
[    7.154800] md: raid1 personality registered for level 1
[    7.160110] md: raid10 personality registered for level 10
[    7.165713] md: raid6 personality registered for level 6
[    7.171026] md: raid5 personality registered for level 5
[    7.176350] md: raid4 personality registered for level 4
[    7.181802] device-mapper: uevent: version 1.0.3
[    7.186606] device-mapper: ioctl: 4.26.0-ioctl (2013-08-15) initialised: dm-devel@redhat.com
[    7.195057] EFI Variables Facility v0.08 2004-May-17
[    7.216924] pstore: Registered efi as persistent store backend
[    7.222795] hidraw: raw HID events driver (C) Jiri Kosina
[    7.229079] usbcore: registered new interface driver usbhid
[    7.234654] usbhid: USB HID core driver
[    7.238659] input: Unspecified device as /devices/virtual/input/input4
[    7.245388] Virtual Mouse Driver Initialized.
[    7.249934] TCP: cubic registered
[    7.253532] NET: Registered protocol family 10
[    7.258539] NET: Registered protocol family 17
[    7.263008] 8021q: 802.1Q VLAN Support v1.8
[    7.267236] Key type dns_resolver registered
[    7.272190] registered taskstats version 1
[    7.276947] regulator-dummy: disabling
[    7.280785]   Magic number: 6:496:738
[    7.284638] console [netcon0] enabled
[    7.288308] netconsole: network logging started
[    7.292886] rtc_cmos 00:01: setting system clock to 2018-02-18 14:43:01 UTC (1518964981)
[    7.301017] BIOS EDD facility v0.16 2004-Jun-25, 0 devices found
[    7.307027] EDD information not available.
[    7.314844] Freeing unused kernel memory: 812K (ffffffff81a97000 - ffffffff81b62000)
[    7.322737] Write protecting the kernel read-only data: 10240k
[    7.337520] Freeing unused kernel memory: 1188K (ffff8800014d7000 - ffff880001600000)
[    7.356428] Freeing unused kernel memory: 1536K (ffff880001880000 - ffff880001a00000)
net.ipv4.neigh.default.gc_thresh1 = 512
net.ipv4.neigh.default.gc_thresh2 = 2048
net.ipv4.neigh.default.gc_thresh3 = 4096
[    7.992292] scsi 10:0:0:0: Direct-Access     Generic  Flash Disk       8.07 PQ: 0 ANSI: 4
[    8.003930] sd 10:0:0:0: [sdb] 15728640 512-byte logical blocks: (8.05 GB/7.50 GiB)
[    8.011823] sd 10:0:0:0: Attached scsi generic sg1 type 0
[    8.018568] sd 10:0:0:0: [sdb] Write Protect is off
[    8.026813] sd 10:0:0:0: [sdb] Write cache: disabled, read cache: enabled, doesn't support DPO or FUA
[    8.058179]  sdb: sdb1 sdb2
[    8.081333] scsi 11:0:0:0: Direct-Access     ADATA    IUM01-001GFHL    0100 PQ: 0 ANSI: 0 CCS
[    8.091974] sd 11:0:0:0: [sdc] 2015232 512-byte logical blocks: (1.03 GB/984 MiB)
[    8.101479] sd 11:0:0:0: Attached scsi generic sg2 type 0
[    8.107979] sd 11:0:0:0: [sdc] Write Protect is off
[    8.116337] sd 11:0:0:0: [sdc] No Caching mode page found
[    8.121869] sd 11:0:0:0: [sdc] Assuming drive cache: write through
[    8.133802] sd 11:0:0:0: [sdc] No Caching mode page found
[    8.139327] sd 11:0:0:0: [sdc] Assuming drive cache: write through
[    8.152710] GPT:Primary header thinks Alt. header is not at the end of the disk.
[    8.160204] GPT:2007039 != 2015231
[    8.163645] GPT:Alternate GPT header not at the end of the disk.
[    8.169678] GPT:2007039 != 2015231
[    8.173155] GPT: Use GNU Parted to correct GPT errors.
[    8.178393]  sdc: sdc1 sdc2 sdc3 sdc4
[    8.267015] sd 10:0:0:0: [sdb] Attached SCSI removable disk
[    8.621397] sd 11:0:0:0: [sdc] No Caching mode page found
[    8.626926] sd 11:0:0:0: [sdc] Assuming drive cache: write through
[    8.633217] sd 11:0:0:0: [sdc] Attached SCSI removable disk
Starting nasmand...
[    8.898327] nasmand (1117): /proc/1120/oom_adj is deprecated, please use /proc/1120/oom_score_adj instead.
Starting netmand...
[    9.022161] IPv6: ADDRCONF(NETDEV_UP): eth1: link is not ready
[    9.116283] IPv6: ADDRCONF(NETDEV_UP): eth0: link is not ready
netmand: Settle network: 0
Starting lcmd...
LCM Management Daemon. Ver. 1.0.0
Initializing random number generator... done.
Starting stormand...
Asustor Storage Management Daemon Ver. 1.3.1
stormand: Exiting the daemon process. (0)
Asustor Storage Management Daemon Ver. 1.3.1
[    9.252900] EXT4-fs (sdc3): mounted filesystem with ordered data mode. Opts: (null)
[   10.182859] md: md0 stopped.
[   10.187707] md: bind<sda2>
[   10.194451] md/raid1:md0: active with 1 out of 4 mirrors
[   10.199921] md0: detected capacity change from 0 to 2145386496
[   10.215257]  md0: unknown partition table
[   10.331424] EXT4-fs (md0): mounted filesystem with ordered data mode. Opts: (null)
[   10.385623] EXT4-fs (md0): re-mounted. Opts: (null)
[   10.634248] EXT4-fs (loop0): mounted filesystem without journal. Opts: (null)
[   10.668546] EXT4-fs (sdc3): mounted filesystem with ordered data mode. Opts: (null)
[   12.623160] tg3 0000:06:00.0 eth1: Link is up at 1000 Mbps, full duplex
[   12.629825] tg3 0000:06:00.0 eth1: Flow control is off for TX and off for RX
[   12.636897] tg3 0000:06:00.0 eth1: EEE is disabled
[   12.641736] IPv6: ADDRCONF(NETDEV_CHANGE): eth1: link becomes ready
[   18.719198] sd 11:0:0:0: killing request
[   18.723877] sd 11:0:0:0: killing request
[   18.727898] sd 11:0:0:0: killing request
[   18.734363] sd 11:0:0:0: killing request
[   18.740398] sd 11:0:0:0: killing request
[   19.704340] md: md126 stopped.
[   19.735174] md: bind<sda3>
[   19.746008] md/raid1:md126: active with 1 out of 4 mirrors
[   19.751588] md126: detected capacity change from 0 to 2145386496
[   19.768752]  md126: unknown partition table
[   19.808438] Adding 2095100k swap on /dev/md126.  Priority:-1 extents:1 across:2095100k
[   19.917773] md: md1 stopped.
[   19.925016] md: bind<sda4>
[   19.944349] md/raid1:md1: active with 1 out of 1 mirrors
[   19.949837] md1: detected capacity change from 0 to 1995701223424
[   19.989581]  md1: unknown partition table
[   20.407017] EXT4-fs (md1): mounted filesystem with ordered data mode. Opts: usrjquota=aquota.user,grpjquota=aquota.group,jqfmt=vfsv1
[   21.213159] Bridge firewalling registered
[   21.227266] sd 11:0:0:0: killing request
[   21.231335] sd 11:0:0:0: killing request
[   21.235341] sd 11:0:0:0: killing request
[   21.239479] sd 11:0:0:0: killing request
stormand: Reacti[   21.629756] sd 11:0:0:0: killing request
vate 1 volumes.[   21.635146] sd 11:0:0:0: killing request

[   21.640441] sd 11:0:0:0: killing request
[   21.644592] sd 11:0:0:0: killing request
stormand: Exiting the startup process. (1)
stormand: Reload archive disks: (0)
Starting crond...
crond[1938]: crond: crond (busybox 1.19.3) started, log level 8
Starting lighttpd...
[   21.723139] FAT-fs (sdb1): utf8 is not a recommended IO charset for FAT filesystems, filesystem will be case sensitive!
[   23.241007] FAT-fs (sdb2): utf8 is not a recommended IO charset for FAT filesystems, filesystem will be case sensitive!
stormand: Reload external disks: (1)
stormand: Reload expansion boxes: (0)
stormand: Exiting the startup process. (1)
[   23.467142] ip_tables: (C) 2000-2006 Netfilter Core Team
[   23.482327] nf_conntrack version 0.5.0 (16384 buckets, 65536 max)
2018-02-18 16:43:19: (/asustor/branch3_0_2018_01_29/x64_g1/source/lighttpd-1.4.29/src/plugin.c.132) Cannot load plugin mod_websocket more than once, please fix your config (we may not accept such configs in future releases
2018-02-18 16:43:19: (/asustor/branch3_0_2018_01_29/x64_g1/source/lighttpd-1.4.29/src/log.c.166) server started
Starting ssh...
Starting hostmand...
Host Management Daemon. Ver. 0.8.0
Starting httpredir...
Starting emboardmand...
emboardmand: Parent exit!
Starting crontab_check...
Starting watchmand...
rsync: change_dir "/usr/builtin/etc.default/bios" failed: No such file or directory (2)
watchmand[2403]: Relaunching daemon [logmand].....
rsync error: some files/attrs were not transferred (see previous errors) (code 23) at /asustor/branch3_0_2018_01_29/x64_g1/source/rsync-3.0.9/main.c(1067) [sender=3.0.9]
/etc/init.d/rcS: line 70: /usr/sbin/bios_update_util: not found
Merge ezrouter config file...
[   29.289683] sys_stat: module is from the staging directory, the quality is unknown, you have been warned.
Loading CDrom driver...
[   29.449566] [drm] Initialized drm 1.1.0 20060810
[   29.630401] snd_hda_intel 0000:00:1b.0: enabling device (0000 -> 0002)
[   29.732072] input: HDA Intel HDMI/DP,pcm=3 as /devices/pci0000:00/0000:00:1b.0/sound/card0/input5
Starting rsyslogd...
Starting logmand...
logmand: There is already a logmand process with ID [2407] existed!
Share management routines for startup...
Starting iscsi...
[   32.005410] iscsi-scst: ***WARNING***: CONFIG_TCP_ZERO_COPY_TRANSFER_COMPLETION_NOTIFICATION not enabled in your kernel. ISCSI-SCST will be working with not the best performance. Refer README file for details.
start iscsi [0]
Starting rsync daemon: rsync.
Starting recybind...
Starting smbd...
Starting nmbd...
Starting winbindd...
Starting dbus-daemon...
Unknown group "lp" in message bus configuration file
Starting Nginx
cat: can't open '/usr/builtin/etc/certificate/ssl.chain': No such file or directory
Starting Web Server...
Web Server isn't enabled, can't start service
Starting MySQL...
MySQL Server isn't enabled, can't start service
Starting sftpmand...
To run acloudidd as a daemon, please set run_service to 'true' in /usr/builtin/etc/acloudid.conf
Starting cupsd...
[   34.455877] usbip_core: module is from the staging directory, the quality is unknown, you have been warned.
[   34.466609] usbip_core: USB/IP Core v1.0.0
[   34.484940] usbip_host: module is from the staging directory, the quality is unknown, you have been warned.
[   34.500223] usbcore: registered new interface driver usbip-host
[   34.506284] usbip_host: USB/IP Host Driver v1.0.0
Starting p2pmand...
Starting ftpbackupd...
cat: can't open '/volume0/usr/builtin/etc/vpnclient/connected': No such file or directory
Starting iptables...
start firewall [0]
Starting actmand...
[   36.025285] cryptodev: driver 1.8 loaded.
Starting taskmonitor...
Starting websocketd...
Starting avahi-daemon...
Starting cdmand...
Check domain admin priv...
Starting cifsdrvd...
Starting dhcp server...
Starting epilog...
Starting irmand...
Starting updatedb...
Install usb speaker module.....
[   43.946202] usbcore: registered new interface driver snd-usb-audio
active raid resync
RAID[0] sync action change to[1].
RAID[126] sync action change to[1].
All RAID's sync action change to[1].
/usr/builtin/etc/init.d/S99zzzlastbooting: line 20: can't create /proc/console_dmesg: Permission denied
Asustor Storage Management Daemon Ver. 1.3.1

Please press Enter to activate this console.
/bin/sh: can't access tty; job control turned off
/ # /usr/bin/sshdsbin/hsshd/ # /usr/sbin/sshd &
/ # [ 8883.002438] sd 11:0:0:0: killing request
[ 8883.008927] sd 11:0:0:0: [sdc] 2015232 512-byte logical blocks: (1.03 GB/984 MiB)
[ 8883.018043] sd 11:0:0:0: [sdc] No Caching mode page found
[ 8883.023483] sd 11:0:0:0: [sdc] Assuming drive cache: write through
[ 8883.031877] sd 11:0:0:0: [sdc] No Caching mode page found
[ 8883.037287] sd 11:0:0:0: [sdc] Assuming drive cache: write through
[ 8883.050293] GPT:Primary header thinks Alt. header is not at the end of the disk.
[ 8883.057699] GPT:2007039 != 2015231
[ 8883.061125] GPT:Alternate GPT header not at the end of the disk.
[ 8883.067163] GPT:2007039 != 2015231
[ 8883.070585] GPT: Use GNU Parted to correct GPT errors.
[ 8883.075771]  sdc: sdc1 sdc2 sdc3 sdc4
[ 8883.509375] EXT4-fs (sdc3): mounted filesystem with ordered data mode. Opts: (null)
[ 8890.413446] sd 11:0:0:0: killing request
[ 8890.418018] sd 11:0:0:0: killing request
[ 8890.438175] sd 11:0:0:0: killing request
[ 8890.442320] sd 11:0:0:0: killing request
[ 8892.999398] sd 11:0:0:0: killing request
[ 8893.003738] sd 11:0:0:0: killing request
[ 8893.007978] sd 11:0:0:0: killing request
[ 8893.012280] sd 11:0:0:0: killing request

/ # pps aux|grep -i storman
18704 root       0:00 /usr/sbin/stormand -daemon
18766 root       0:05 stormand -shutdown
18972 root       0:00 grep -i storman
/ # killall stormand
/ # / # killall stormand/ # ps aux|grep -i storman
18766 root       0:07 stormand -shutdown
19019 root       0:00 grep -i storman
/ # / # ps aux|grep -i storman/ # killall stormand-stormand9stormand stormandstormand
/ # / # killall -9 stormand/ # ps aux|grep -i storman
19042 root       0:00 grep -i storman
/ # dmesg
[    0.000000] Initializing cgroup subsys cpuset
[    0.000000] Initializing cgroup subsys cpu
[    0.000000] Initializing cgroup subsys cpuacct
[    0.000000] Linux version 3.12.20 (root@sw1-server) (gcc version 4.6.4 (crosstool-NG crosstool-ng-1.22.0 - x86_64 64-bit toolchain - ASUSTOR Inc.) ) #1 SMP Sun Jan 28 20:59:55 CST 2018
[    0.000000] Command line: BOOT_IMAGE=(as0:0xa0341d000000000:0x71d:0x0,3)/bzImage console=ttyS0,115200n8 bootpart=3 uuid=d60b4845-fe4f-4184-9e34-41ce268533e1 mem=4G snd_hda_instel.bdl_pos_adj=8
[    0.000000] KERNEL supported cpus:
[    0.000000]   Intel GenuineIntel
[    0.000000] Disabled fast string operations
[    0.000000] e820: BIOS-provided physical RAM map:
[    0.000000] BIOS-e820: [mem 0x0000000000000000-0x000000000009efff] usable
[    0.000000] BIOS-e820: [mem 0x000000000009f000-0x000000000009ffff] reserved
[    0.000000] BIOS-e820: [mem 0x0000000000100000-0x00000000be0f0fff] usable
[    0.000000] BIOS-e820: [mem 0x00000000be0f1000-0x00000000be0f2fff] reserved
[    0.000000] BIOS-e820: [mem 0x00000000be0f3000-0x00000000be0fbfff] ACPI NVS
[    0.000000] BIOS-e820: [mem 0x00000000be0fc000-0x00000000be0fcfff] usable
[    0.000000] BIOS-e820: [mem 0x00000000be0fd000-0x00000000be104fff] reserved
[    0.000000] BIOS-e820: [mem 0x00000000be105000-0x00000000bebb3fff] usable
[    0.000000] BIOS-e820: [mem 0x00000000bebb4000-0x00000000bebb5fff] reserved
[    0.000000] BIOS-e820: [mem 0x00000000bebb6000-0x00000000bebf8fff] usable
[    0.000000] BIOS-e820: [mem 0x00000000bebf9000-0x00000000bebfbfff] ACPI NVS
[    0.000000] BIOS-e820: [mem 0x00000000bebfc000-0x00000000bec00fff] usable
[    0.000000] BIOS-e820: [mem 0x00000000bec01000-0x00000000bec04fff] ACPI data
[    0.000000] BIOS-e820: [mem 0x00000000bec05000-0x00000000bec10fff] usable
[    0.000000] BIOS-e820: [mem 0x00000000bec11000-0x00000000bec13fff] ACPI data
[    0.000000] BIOS-e820: [mem 0x00000000bec14000-0x00000000bec14fff] ACPI NVS
[    0.000000] BIOS-e820: [mem 0x00000000bec15000-0x00000000bec15fff] ACPI data
[    0.000000] BIOS-e820: [mem 0x00000000bec16000-0x00000000bec16fff] ACPI NVS
[    0.000000] BIOS-e820: [mem 0x00000000bec17000-0x00000000bec2ffff] usable
[    0.000000] BIOS-e820: [mem 0x00000000bec30000-0x00000000bee2ffff] ACPI NVS
[    0.000000] BIOS-e820: [mem 0x00000000bee30000-0x00000000bf064fff] usable
[    0.000000] BIOS-e820: [mem 0x00000000bf065000-0x00000000bf065fff] ACPI NVS
[    0.000000] BIOS-e820: [mem 0x00000000bf066000-0x00000000bf066fff] usable
[    0.000000] BIOS-e820: [mem 0x00000000bf067000-0x00000000bf06bfff] ACPI NVS
[    0.000000] BIOS-e820: [mem 0x00000000bf06c000-0x00000000bf06cfff] usable
[    0.000000] BIOS-e820: [mem 0x00000000bf06d000-0x00000000bf06efff] ACPI NVS
[    0.000000] BIOS-e820: [mem 0x00000000bf06f000-0x00000000bf077fff] usable
[    0.000000] BIOS-e820: [mem 0x00000000bf078000-0x00000000bf07bfff] ACPI NVS
[    0.000000] BIOS-e820: [mem 0x00000000bf07c000-0x00000000bf080fff] usable
[    0.000000] BIOS-e820: [mem 0x00000000bf081000-0x00000000bf082fff] reserved
[    0.000000] BIOS-e820: [mem 0x00000000bf083000-0x00000000bf086fff] usable
[    0.000000] BIOS-e820: [mem 0x00000000bf087000-0x00000000bf0a2fff] reserved
[    0.000000] BIOS-e820: [mem 0x00000000bf0a3000-0x00000000bf0a3fff] usable
[    0.000000] BIOS-e820: [mem 0x00000000bf0a4000-0x00000000bf0a4fff] reserved
[    0.000000] BIOS-e820: [mem 0x00000000bf0a5000-0x00000000bf0c7fff] usable
[    0.000000] BIOS-e820: [mem 0x00000000bf0c8000-0x00000000bf0c8fff] reserved
[    0.000000] BIOS-e820: [mem 0x00000000bf0c9000-0x00000000bf0d3fff] usable
[    0.000000] BIOS-e820: [mem 0x00000000bf0d4000-0x00000000bf0d7fff] ACPI NVS
[    0.000000] BIOS-e820: [mem 0x00000000bf0d8000-0x00000000bf0d9fff] usable
[    0.000000] BIOS-e820: [mem 0x00000000bf0da000-0x00000000bf0dbfff] reserved
[    0.000000] BIOS-e820: [mem 0x00000000bf0dc000-0x00000000bf100fff] usable
[    0.000000] BIOS-e820: [mem 0x00000000bf101000-0x00000000bf102fff] reserved
[    0.000000] BIOS-e820: [mem 0x00000000bf103000-0x00000000bf108fff] usable
[    0.000000] BIOS-e820: [mem 0x00000000bf109000-0x00000000bf109fff] ACPI data
[    0.000000] BIOS-e820: [mem 0x00000000bf10a000-0x00000000bf10efff] usable
[    0.000000] BIOS-e820: [mem 0x00000000bf10f000-0x00000000bf10ffff] ACPI NVS
[    0.000000] BIOS-e820: [mem 0x00000000bf110000-0x00000000bf115fff] usable
[    0.000000] BIOS-e820: [mem 0x00000000bf116000-0x00000000bf117fff] reserved
[    0.000000] BIOS-e820: [mem 0x00000000bf118000-0x00000000bf121fff] usable
[    0.000000] BIOS-e820: [mem 0x00000000bf122000-0x00000000bf122fff] reserved
[    0.000000] BIOS-e820: [mem 0x00000000bf123000-0x00000000bf129fff] usable
[    0.000000] BIOS-e820: [mem 0x00000000bf12a000-0x00000000bf12afff] reserved
[    0.000000] BIOS-e820: [mem 0x00000000bf12b000-0x00000000bf12dfff] usable
[    0.000000] BIOS-e820: [mem 0x00000000bf12e000-0x00000000bf12efff] ACPI NVS
[    0.000000] BIOS-e820: [mem 0x00000000bf12f000-0x00000000bf130fff] usable
[    0.000000] BIOS-e820: [mem 0x00000000bf131000-0x00000000bf168fff] ACPI NVS
[    0.000000] BIOS-e820: [mem 0x00000000bf169000-0x00000000bf17bfff] usable
[    0.000000] BIOS-e820: [mem 0x00000000bf17c000-0x00000000bf181fff] ACPI NVS
[    0.000000] BIOS-e820: [mem 0x00000000bf182000-0x00000000bf182fff] usable
[    0.000000] BIOS-e820: [mem 0x00000000bf183000-0x00000000bf186fff] ACPI NVS
[    0.000000] BIOS-e820: [mem 0x00000000bf187000-0x00000000bf18dfff] usable
[    0.000000] BIOS-e820: [mem 0x00000000bf18e000-0x00000000bf18efff] reserved
[    0.000000] BIOS-e820: [mem 0x00000000bf18f000-0x00000000bf5d5fff] usable
[    0.000000] BIOS-e820: [mem 0x00000000bf5d6000-0x00000000bf5d8fff] reserved
[    0.000000] BIOS-e820: [mem 0x00000000bf5d9000-0x00000000bf5d9fff] usable
[    0.000000] BIOS-e820: [mem 0x00000000bf5da000-0x00000000bf5dafff] reserved
[    0.000000] BIOS-e820: [mem 0x00000000bf5db000-0x00000000bf6d4fff] usable
[    0.000000] BIOS-e820: [mem 0x00000000bf6d5000-0x00000000bf6d5fff] reserved
[    0.000000] BIOS-e820: [mem 0x00000000bf6d6000-0x00000000bf6edfff] usable
[    0.000000] BIOS-e820: [mem 0x00000000bf6ee000-0x00000000bf6eefff] reserved
[    0.000000] BIOS-e820: [mem 0x00000000bf6ef000-0x00000000bf6effff] usable
[    0.000000] BIOS-e820: [mem 0x00000000fed1c000-0x00000000fed1ffff] reserved
[    0.000000] BIOS-e820: [mem 0x00000000fff90000-0x00000000fff99fff] reserved
[    0.000000] e820: remove [mem 0x100000000-0xfffffffffffffffe] usable
[    0.000000] NX (Execute Disable) protection: active
[    0.000000] e820: user-defined physical RAM map:
[    0.000000] user: [mem 0x0000000000000000-0x000000000009efff] usable
[    0.000000] user: [mem 0x000000000009f000-0x000000000009ffff] reserved
[    0.000000] user: [mem 0x0000000000100000-0x00000000be0f0fff] usable
[    0.000000] user: [mem 0x00000000be0f1000-0x00000000be0f2fff] reserved
[    0.000000] user: [mem 0x00000000be0f3000-0x00000000be0fbfff] ACPI NVS
[    0.000000] user: [mem 0x00000000be0fc000-0x00000000be0fcfff] usable
[    0.000000] user: [mem 0x00000000be0fd000-0x00000000be104fff] reserved
[    0.000000] user: [mem 0x00000000be105000-0x00000000bebb3fff] usable
[    0.000000] user: [mem 0x00000000bebb4000-0x00000000bebb5fff] reserved
[    0.000000] user: [mem 0x00000000bebb6000-0x00000000bebf8fff] usable
[    0.000000] user: [mem 0x00000000bebf9000-0x00000000bebfbfff] ACPI NVS
[    0.000000] user: [mem 0x00000000bebfc000-0x00000000bec00fff] usable
[    0.000000] user: [mem 0x00000000bec01000-0x00000000bec04fff] ACPI data
[    0.000000] user: [mem 0x00000000bec05000-0x00000000bec10fff] usable
[    0.000000] user: [mem 0x00000000bec11000-0x00000000bec13fff] ACPI data
[    0.000000] user: [mem 0x00000000bec14000-0x00000000bec14fff] ACPI NVS
[    0.000000] user: [mem 0x00000000bec15000-0x00000000bec15fff] ACPI data
[    0.000000] user: [mem 0x00000000bec16000-0x00000000bec16fff] ACPI NVS
[    0.000000] user: [mem 0x00000000bec17000-0x00000000bec2ffff] usable
[    0.000000] user: [mem 0x00000000bec30000-0x00000000bee2ffff] ACPI NVS
[    0.000000] user: [mem 0x00000000bee30000-0x00000000bf064fff] usable
[    0.000000] user: [mem 0x00000000bf065000-0x00000000bf065fff] ACPI NVS
[    0.000000] user: [mem 0x00000000bf066000-0x00000000bf066fff] usable
[    0.000000] user: [mem 0x00000000bf067000-0x00000000bf06bfff] ACPI NVS
[    0.000000] user: [mem 0x00000000bf06c000-0x00000000bf06cfff] usable
[    0.000000] user: [mem 0x00000000bf06d000-0x00000000bf06efff] ACPI NVS
[    0.000000] user: [mem 0x00000000bf06f000-0x00000000bf077fff] usable
[    0.000000] user: [mem 0x00000000bf078000-0x00000000bf07bfff] ACPI NVS
[    0.000000] user: [mem 0x00000000bf07c000-0x00000000bf080fff] usable
[    0.000000] user: [mem 0x00000000bf081000-0x00000000bf082fff] reserved
[    0.000000] user: [mem 0x00000000bf083000-0x00000000bf086fff] usable
[    0.000000] user: [mem 0x00000000bf087000-0x00000000bf0a2fff] reserved
[    0.000000] user: [mem 0x00000000bf0a3000-0x00000000bf0a3fff] usable
[    0.000000] user: [mem 0x00000000bf0a4000-0x00000000bf0a4fff] reserved
[    0.000000] user: [mem 0x00000000bf0a5000-0x00000000bf0c7fff] usable
[    0.000000] user: [mem 0x00000000bf0c8000-0x00000000bf0c8fff] reserved
[    0.000000] user: [mem 0x00000000bf0c9000-0x00000000bf0d3fff] usable
[    0.000000] user: [mem 0x00000000bf0d4000-0x00000000bf0d7fff] ACPI NVS
[    0.000000] user: [mem 0x00000000bf0d8000-0x00000000bf0d9fff] usable
[    0.000000] user: [mem 0x00000000bf0da000-0x00000000bf0dbfff] reserved
[    0.000000] user: [mem 0x00000000bf0dc000-0x00000000bf100fff] usable
[    0.000000] user: [mem 0x00000000bf101000-0x00000000bf102fff] reserved
[    0.000000] user: [mem 0x00000000bf103000-0x00000000bf108fff] usable
[    0.000000] user: [mem 0x00000000bf109000-0x00000000bf109fff] ACPI data
[    0.000000] user: [mem 0x00000000bf10a000-0x00000000bf10efff] usable
[    0.000000] user: [mem 0x00000000bf10f000-0x00000000bf10ffff] ACPI NVS
[    0.000000] user: [mem 0x00000000bf110000-0x00000000bf115fff] usable
[    0.000000] user: [mem 0x00000000bf116000-0x00000000bf117fff] reserved
[    0.000000] user: [mem 0x00000000bf118000-0x00000000bf121fff] usable
[    0.000000] user: [mem 0x00000000bf122000-0x00000000bf122fff] reserved
[    0.000000] user: [mem 0x00000000bf123000-0x00000000bf129fff] usable
[    0.000000] user: [mem 0x00000000bf12a000-0x00000000bf12afff] reserved
[    0.000000] user: [mem 0x00000000bf12b000-0x00000000bf12dfff] usable
[    0.000000] user: [mem 0x00000000bf12e000-0x00000000bf12efff] ACPI NVS
[    0.000000] user: [mem 0x00000000bf12f000-0x00000000bf130fff] usable
[    0.000000] user: [mem 0x00000000bf131000-0x00000000bf168fff] ACPI NVS
[    0.000000] user: [mem 0x00000000bf169000-0x00000000bf17bfff] usable
[    0.000000] user: [mem 0x00000000bf17c000-0x00000000bf181fff] ACPI NVS
[    0.000000] user: [mem 0x00000000bf182000-0x00000000bf182fff] usable
[    0.000000] user: [mem 0x00000000bf183000-0x00000000bf186fff] ACPI NVS
[    0.000000] user: [mem 0x00000000bf187000-0x00000000bf18dfff] usable
[    0.000000] user: [mem 0x00000000bf18e000-0x00000000bf18efff] reserved
[    0.000000] user: [mem 0x00000000bf18f000-0x00000000bf5d5fff] usable
[    0.000000] user: [mem 0x00000000bf5d6000-0x00000000bf5d8fff] reserved
[    0.000000] user: [mem 0x00000000bf5d9000-0x00000000bf5d9fff] usable
[    0.000000] user: [mem 0x00000000bf5da000-0x00000000bf5dafff] reserved
[    0.000000] user: [mem 0x00000000bf5db000-0x00000000bf6d4fff] usable
[    0.000000] user: [mem 0x00000000bf6d5000-0x00000000bf6d5fff] reserved
[    0.000000] user: [mem 0x00000000bf6d6000-0x00000000bf6edfff] usable
[    0.000000] user: [mem 0x00000000bf6ee000-0x00000000bf6eefff] reserved
[    0.000000] user: [mem 0x00000000bf6ef000-0x00000000bf6effff] usable
[    0.000000] user: [mem 0x00000000fed1c000-0x00000000fed1ffff] reserved
[    0.000000] user: [mem 0x00000000fff90000-0x00000000fff99fff] reserved
[    0.000000] efi: EFI v2.30 by E
[    0.000000] efi:  ACPI=0xbf109000  ACPI 2.0=0xbf109014  SMBIOS=0xbe0f2000
[    0.000000] efi: mem00: type=7, attr=0xf, range=[0x0000000000000000-0x000000000007f000) (0MB)
[    0.000000] efi: mem01: type=3, attr=0xf, range=[0x000000000007f000-0x0000000000080000) (0MB)
[    0.000000] efi: mem02: type=7, attr=0xf, range=[0x0000000000080000-0x000000000009f000) (0MB)
[    0.000000] efi: mem03: type=0, attr=0xf, range=[0x000000000009f000-0x00000000000a0000) (0MB)
[    0.000000] efi: mem04: type=2, attr=0xf, range=[0x0000000000100000-0x000000000040d000) (3MB)
[    0.000000] efi: mem05: type=7, attr=0xf, range=[0x000000000040d000-0x00000000366ce000) (866MB)
[    0.000000] efi: mem06: type=2, attr=0xf, range=[0x00000000366ce000-0x000000003735f000) (12MB)
[    0.000000] efi: mem07: type=7, attr=0xf, range=[0x000000003735f000-0x000000008cf25000) (1371MB)
[    0.000000] efi: mem08: type=2, attr=0xf, range=[0x000000008cf25000-0x00000000bc6f0000) (759MB)
[    0.000000] efi: mem09: type=4, attr=0xf, range=[0x00000000bc6f0000-0x00000000bc710000) (0MB)
[    0.000000] efi: mem10: type=7, attr=0xf, range=[0x00000000bc710000-0x00000000bdfc5000) (24MB)
[    0.000000] efi: mem11: type=1, attr=0xf, range=[0x00000000bdfc5000-0x00000000be053000) (0MB)
[    0.000000] efi: mem12: type=7, attr=0xf, range=[0x00000000be053000-0x00000000be0d8000) (0MB)
[    0.000000] efi: mem13: type=4, attr=0xf, range=[0x00000000be0d8000-0x00000000be0d9000) (0MB)
[    0.000000] efi: mem14: type=2, attr=0xf, range=[0x00000000be0d9000-0x00000000be0e0000) (0MB)
[    0.000000] efi: mem15: type=4, attr=0xf, range=[0x00000000be0e0000-0x00000000be0f1000) (0MB)
[    0.000000] efi: mem16: type=0, attr=0xf, range=[0x00000000be0f1000-0x00000000be0f3000) (0MB)
[    0.000000] efi: mem17: type=10, attr=0xf, range=[0x00000000be0f3000-0x00000000be0fc000) (0MB)
[    0.000000] efi: mem18: type=4, attr=0xf, range=[0x00000000be0fc000-0x00000000be0fd000) (0MB)
[    0.000000] efi: mem19: type=0, attr=0xf, range=[0x00000000be0fd000-0x00000000be105000) (0MB)
[    0.000000] efi: mem20: type=4, attr=0xf, range=[0x00000000be105000-0x00000000bebb4000) (10MB)
[    0.000000] efi: mem21: type=5, attr=0x800000000000000f, range=[0x00000000bebb4000-0x00000000bebb6000) (0MB)
[    0.000000] efi: mem22: type=4, attr=0xf, range=[0x00000000bebb6000-0x00000000bebf9000) (0MB)
[    0.000000] efi: mem23: type=10, attr=0xf, range=[0x00000000bebf9000-0x00000000bebfc000) (0MB)
[    0.000000] efi: mem24: type=3, attr=0xf, range=[0x00000000bebfc000-0x00000000bec01000) (0MB)
[    0.000000] efi: mem25: type=9, attr=0xf, range=[0x00000000bec01000-0x00000000bec05000) (0MB)
[    0.000000] efi: mem26: type=4, attr=0xf, range=[0x00000000bec05000-0x00000000bec11000) (0MB)
[    0.000000] efi: mem27: type=9, attr=0xf, range=[0x00000000bec11000-0x00000000bec14000) (0MB)
[    0.000000] efi: mem28: type=10, attr=0xf, range=[0x00000000bec14000-0x00000000bec15000) (0MB)
[    0.000000] efi: mem29: type=9, attr=0xf, range=[0x00000000bec15000-0x00000000bec16000) (0MB)
[    0.000000] efi: mem30: type=10, attr=0xf, range=[0x00000000bec16000-0x00000000bec17000) (0MB)
[    0.000000] efi: mem31: type=3, attr=0xf, range=[0x00000000bec17000-0x00000000bec26000) (0MB)
[    0.000000] efi: mem32: type=4, attr=0xf, range=[0x00000000bec26000-0x00000000bec29000) (0MB)
[    0.000000] efi: mem33: type=3, attr=0xf, range=[0x00000000bec29000-0x00000000bec2a000) (0MB)
[    0.000000] efi: mem34: type=4, attr=0xf, range=[0x00000000bec2a000-0x00000000bec2b000) (0MB)
[    0.000000] efi: mem35: type=3, attr=0xf, range=[0x00000000bec2b000-0x00000000bec30000) (0MB)
[    0.000000] efi: mem36: type=10, attr=0xf, range=[0x00000000bec30000-0x00000000bee30000) (2MB)
[    0.000000] efi: mem37: type=4, attr=0xf, range=[0x00000000bee30000-0x00000000bf007000) (1MB)
[    0.000000] efi: mem38: type=3, attr=0xf, range=[0x00000000bf007000-0x00000000bf00e000) (0MB)
[    0.000000] efi: mem39: type=4, attr=0xf, range=[0x00000000bf00e000-0x00000000bf00f000) (0MB)
[    0.000000] efi: mem40: type=3, attr=0xf, range=[0x00000000bf00f000-0x00000000bf016000) (0MB)
[    0.000000] efi: mem41: type=4, attr=0xf, range=[0x00000000bf016000-0x00000000bf017000) (0MB)
[    0.000000] efi: mem42: type=3, attr=0xf, range=[0x00000000bf017000-0x00000000bf028000) (0MB)
[    0.000000] efi: mem43: type=4, attr=0xf, range=[0x00000000bf028000-0x00000000bf02b000) (0MB)
[    0.000000] efi: mem44: type=3, attr=0xf, range=[0x00000000bf02b000-0x00000000bf03e000) (0MB)
[    0.000000] efi: mem45: type=4, attr=0xf, range=[0x00000000bf03e000-0x00000000bf03f000) (0MB)
[    0.000000] efi: mem46: type=3, attr=0xf, range=[0x00000000bf03f000-0x00000000bf045000) (0MB)
[    0.000000] efi: mem47: type=4, attr=0xf, range=[0x00000000bf045000-0x00000000bf046000) (0MB)
[    0.000000] efi: mem48: type=3, attr=0xf, range=[0x00000000bf046000-0x00000000bf05b000) (0MB)
[    0.000000] efi: mem49: type=4, attr=0xf, range=[0x00000000bf05b000-0x00000000bf05c000) (0MB)
[    0.000000] efi: mem50: type=3, attr=0xf, range=[0x00000000bf05c000-0x00000000bf065000) (0MB)
[    0.000000] efi: mem51: type=10, attr=0xf, range=[0x00000000bf065000-0x00000000bf066000) (0MB)
[    0.000000] efi: mem52: type=4, attr=0xf, range=[0x00000000bf066000-0x00000000bf067000) (0MB)
[    0.000000] efi: mem53: type=10, attr=0xf, range=[0x00000000bf067000-0x00000000bf06c000) (0MB)
[    0.000000] efi: mem54: type=4, attr=0xf, range=[0x00000000bf06c000-0x00000000bf06d000) (0MB)
